Component: ARM Compiler 5.06 update 6 (build 750) Tool: armlink [4d35ed]

==============================================================================

Section Cross References

    amadeusmain.o(i.Sys_Interrupt) refers to nixieapp.o(i.Nixie_Interrupt) for Nixie_Interrupt
    amadeusmain.o(i.Sys_loop) refers to nixieapp.o(i.Nixie_Loop) for Nixie_Loop
    amadeusmain.o(i.Sys_setup) refers to misc.o(i.NVIC_PriorityGroupConfig) for NVIC_PriorityGroupConfig
    amadeusmain.o(i.Sys_setup) refers to delay.o(i.delay_init) for delay_init
    amadeusmain.o(i.Sys_setup) refers to oled.o(i.OLED_Init) for OLED_Init
    amadeusmain.o(i.Sys_setup) refers to oled.o(i.OLED_Clear) for OLED_Clear
    amadeusmain.o(i.Sys_setup) refers to nixietube.o(i.NixieTubeInit) for NixieTubeInit
    amadeusmain.o(i.Sys_setup) refers to highvoltage.o(i.HV_ControlInit) for HV_ControlInit
    amadeusmain.o(i.Sys_setup) refers to highvoltage.o(i.HV_Control) for HV_Control
    amadeusmain.o(i.Sys_setup) refers to keyboard.o(i.KeyBoardInit) for KeyBoardInit
    amadeusmain.o(i.Sys_setup) refers to ledtimer.o(i.LEDTimerInit) for LEDTimerInit
    amadeusmain.o(i.Sys_setup) refers to ledtimer.o(i.LED_TIM3Init) for LED_TIM3Init
    amadeusmain.o(i.Sys_setup) refers to ledtimer.o(i.LED_HartAttackInit) for LED_HartAttackInit
    amadeusmain.o(i.Sys_setup) refers to ledtimer.o(i.LED_Control) for LED_Control
    amadeusmain.o(i.Sys_setup) refers to ds3231.o(i.DS3231_GPIO_Config) for DS3231_GPIO_Config
    amadeusmain.o(i.Sys_setup) refers to ds3231.o(i.Time_Handle) for Time_Handle
    amadeusmain.o(i.Sys_setup) refers to beep.o(i.BeepInit) for BeepInit
    amadeusmain.o(i.Sys_setup) refers to nixieapp.o(i.Nixie_Setup) for Nixie_Setup
    amadeusmain.o(i.Sys_setup) refers to tim.o(i.TIM4_Init) for TIM4_Init
    nixieapp.o(i.DateStateFunc) refers to _printf_pad.o(.text) for _printf_pre_padding
    nixieapp.o(i.DateStateFunc) refers to _printf_percent.o(.ARM.Collect$$_printf_percent$$00000000) for _printf_percent
    nixieapp.o(i.DateStateFunc) refers to _printf_d.o(.ARM.Collect$$_printf_percent$$00000009) for _printf_d
    nixieapp.o(i.DateStateFunc) refers to _printf_dec.o(.text) for _printf_int_dec
    nixieapp.o(i.DateStateFunc) refers to noretval__2sprintf.o(.text) for __2sprintf
    nixieapp.o(i.DateStateFunc) refers to oled.o(i.OLED_ShowString) for OLED_ShowString
    nixieapp.o(i.DateStateFunc) refers to keyboard.o(i.getKey_Ctrl) for getKey_Ctrl
    nixieapp.o(i.DateStateFunc) refers to beep.o(i.BeepSpeakCmd) for BeepSpeakCmd
    nixieapp.o(i.DateStateFunc) refers to delay.o(i.delay_ms) for delay_ms
    nixieapp.o(i.DateStateFunc) refers to ds3231.o(i.Time_Handle) for Time_Handle
    nixieapp.o(i.DateStateFunc) refers to ds3231.o(i.DS3231_ReadWrite_Time) for DS3231_ReadWrite_Time
    nixieapp.o(i.DateStateFunc) refers to oled.o(i.OLED_Clear) for OLED_Clear
    nixieapp.o(i.DateStateFunc) refers to nixieapp.o(.data) for flag_now
    nixieapp.o(i.DateStateFunc) refers to ds3231.o(.data) for TimeValue
    nixieapp.o(i.EnvironmentEvent) refers to keyboard.o(i.getKey_EN) for getKey_EN
    nixieapp.o(i.EnvironmentEvent) refers to oled.o(i.OLED_ShowString) for OLED_ShowString
    nixieapp.o(i.EnvironmentEvent) refers to nixieapp.o(.data) for g_state
    nixieapp.o(i.GetTimeValue) refers to ds3231.o(i.Time_Handle) for Time_Handle
    nixieapp.o(i.GetTimeValue) refers to nixieapp.o(.data) for div
    nixieapp.o(i.InfoDisplay) refers to _printf_pad.o(.text) for _printf_pre_padding
    nixieapp.o(i.InfoDisplay) refers to _printf_percent.o(.ARM.Collect$$_printf_percent$$00000000) for _printf_percent
    nixieapp.o(i.InfoDisplay) refers to _printf_d.o(.ARM.Collect$$_printf_percent$$00000009) for _printf_d
    nixieapp.o(i.InfoDisplay) refers to _printf_dec.o(.text) for _printf_int_dec
    nixieapp.o(i.InfoDisplay) refers to _printf_s.o(.ARM.Collect$$_printf_percent$$00000014) for _printf_s
    nixieapp.o(i.InfoDisplay) refers to _printf_str.o(.text) for _printf_str
    nixieapp.o(i.InfoDisplay) refers to noretval__2sprintf.o(.text) for __2sprintf
    nixieapp.o(i.InfoDisplay) refers to oled.o(i.OLED_ShowString) for OLED_ShowString
    nixieapp.o(i.InfoDisplay) refers to ds3231.o(i.DS3231_Read_Temp) for DS3231_Read_Temp
    nixieapp.o(i.InfoDisplay) refers to ds3231.o(.data) for TimeValue
    nixieapp.o(i.KeyEvent_Ctrl_WSNC2SetMenu) refers to keyboard.o(i.getKey_Ctrl) for getKey_Ctrl
    nixieapp.o(i.KeyEvent_Ctrl_WSNC2SetMenu) refers to beep.o(i.BeepSpeakCmd) for BeepSpeakCmd
    nixieapp.o(i.KeyEvent_Ctrl_WSNC2SetMenu) refers to oled.o(i.OLED_Clear) for OLED_Clear
    nixieapp.o(i.KeyEvent_Ctrl_WSNC2SetMenu) refers to nixieapp.o(.data) for g_state
    nixieapp.o(i.KeyEvent_NT) refers to keyboard.o(i.getKey_NT) for getKey_NT
    nixieapp.o(i.KeyEvent_NT) refers to beep.o(i.BeepSpeakCmd) for BeepSpeakCmd
    nixieapp.o(i.KeyEvent_NT) refers to oled.o(i.OLED_Clear) for OLED_Clear
    nixieapp.o(i.KeyEvent_NT) refers to nixieapp.o(.data) for g_state
[...]
    .ARM.Collect$$libshutdown$$0000000F      0x080001d4   Section        0  libshutdown2.o(.ARM.Collect$$libshutdown$$0000000F)
    .ARM.Collect$$libshutdown$$00000010      0x080001d4   Section        2  libshutdown2.o(.ARM.Collect$$libshutdown$$00000010)
    .ARM.Collect$$rtentry$$00000000          0x080001d6   Section        0  __rtentry.o(.ARM.Collect$$rtentry$$00000000)
    .ARM.Collect$$rtentry$$00000002          0x080001d6   Section        0  __rtentry2.o(.ARM.Collect$$rtentry$$00000002)
    .ARM.Collect$$rtentry$$00000004          0x080001d6   Section        6  __rtentry4.o(.ARM.Collect$$rtentry$$00000004)
    .ARM.Collect$$rtentry$$00000009          0x080001dc   Section        0  __rtentry2.o(.ARM.Collect$$rtentry$$00000009)
    .ARM.Collect$$rtentry$$0000000A          0x080001dc   Section        4  __rtentry2.o(.ARM.Collect$$rtentry$$0000000A)
    .ARM.Collect$$rtentry$$0000000C          0x080001e0   Section        0  __rtentry2.o(.ARM.Collect$$rtentry$$0000000C)
    .ARM.Collect$$rtentry$$0000000D          0x080001e0   Section        8  __rtentry2.o(.ARM.Collect$$rtentry$$0000000D)
    .ARM.Collect$$rtexit$$00000000           0x080001e8   Section        2  rtexit.o(.ARM.Collect$$rtexit$$00000000)
    .ARM.Collect$$rtexit$$00000002           0x080001ea   Section        0  rtexit2.o(.ARM.Collect$$rtexit$$00000002)
    .ARM.Collect$$rtexit$$00000003           0x080001ea   Section        4  rtexit2.o(.ARM.Collect$$rtexit$$00000003)
    .ARM.Collect$$rtexit$$00000004           0x080001ee   Section        6  rtexit2.o(.ARM.Collect$$rtexit$$00000004)
    .emb_text                                0x080001f4   Section       52  rand.o(.emb_text)
    .text                                    0x08000228   Section       64  startup_stm32f10x_hd.o(.text)
    .text                                    0x08000268   Section        2  use_no_semi_2.o(.text)
    .text                                    0x0800026c   Section        0  noretval__2sprintf.o(.text)
    .text                                    0x08000294   Section        0  _printf_pad.o(.text)
    .text                                    0x080002e2   Section        0  _printf_str.o(.text)
    .text                                    0x08000334   Section        0  _printf_dec.o(.text)
    .text                                    0x080003ac   Section        0  __printf_flags_wp.o(.text)
    .text                                    0x080004e4   Section        0  rand.o(.text)
    .text                                    0x08000520   Section      100  rt_memcpy_w.o(.text)
    .text                                    0x08000584   Section       78  rt_memclr_w.o(.text)
    .text                                    0x080005d2   Section        0  heapauxi.o(.text)
    .text                                    0x080005d8   Section        2  use_no_semi.o(.text)
    .text                                    0x080005da   Section        0  _printf_intcommon.o(.text)
    .text                                    0x0800068c   Section        0  _printf_fp_dec.o(.text)
    _fp_digits                               0x0800068f   Thumb Code   432  _printf_fp_dec.o(.text)
    .text                                    0x08000aac   Section        0  _printf_char_common.o(.text)
    _printf_input_char                       0x08000aad   Thumb Code    10  _printf_char_common.o(.text)
    .text                                    0x08000adc   Section        0  _sputc.o(.text)
    .text                                    0x08000ae6   Section        0  _printf_char.o(.text)
    .text                                    0x08000b14   Section        8  rt_locale_intlibspace.o(.text)
    .text                                    0x08000b1c   Section      138  lludiv10.o(.text)
    .text                                    0x08000ba8   Section        0  _printf_fp_infnan.o(.text)
    .text                                    0x08000c28   Section        0  bigflt0.o(.text)
    .text                                    0x08000d0c   Section        8  libspace.o(.text)
    .text                                    0x08000d14   Section       74  sys_stackheap_outer.o(.text)
    .text                                    0x08000d5e   Section        0  exit.o(.text)
    .text                                    0x08000d70   Section      128  strcmpv7m.o(.text)
    CL$$btod_d2e                             0x08000df0   Section       62  btod.o(CL$$btod_d2e)
    CL$$btod_d2e_denorm_low                  0x08000e2e   Section       70  btod.o(CL$$btod_d2e_denorm_low)
    CL$$btod_d2e_norm_op1                    0x08000e74   Section       96  btod.o(CL$$btod_d2e_norm_op1)
    CL$$btod_div_common                      0x08000ed4   Section      824  btod.o(CL$$btod_div_common)
    CL$$btod_e2e                             0x0800120c   Section      220  btod.o(CL$$btod_e2e)
    CL$$btod_ediv                            0x080012e8   Section       42  btod.o(CL$$btod_ediv)
    CL$$btod_emul                            0x08001312   Section       42  btod.o(CL$$btod_emul)
    CL$$btod_mult_common                     0x0800133c   Section      580  btod.o(CL$$btod_mult_common)
    i.BeepInit                               0x08001580   Section        0  beep.o(i.BeepInit)
    i.BeepSpeakCmd                           0x080015b4   Section        0  beep.o(i.BeepSpeakCmd)
    i.BusFault_Handler                       0x080015e8   Section        0  stm32f10x_it.o(i.BusFault_Handler)
    i.DS3231_GPIO_Config                     0x080015ec   Section        0  ds3231.o(i.DS3231_GPIO_Config)
    i.DS3231_IIC_Ack                         0x08001618   Section        0  ds3231.o(i.DS3231_IIC_Ack)
    i.DS3231_IIC_Read_Byte                   0x08001664   Section        0  ds3231.o(i.DS3231_IIC_Read_Byte)
    i.DS3231_IIC_Start                       0x080016d0   Section        0  ds3231.o(i.DS3231_IIC_Start)
    i.DS3231_IIC_Stop                        0x0800171c   Section        0  ds3231.o(i.DS3231_IIC_Stop)
    i.DS3231_IIC_Write_Byte                  0x08001758   Section        0  ds3231.o(i.DS3231_IIC_Write_Byte)
    i.DS3231_Operate_Register                0x080017f0   Section        0  ds3231.o(i.DS3231_Operate_Register)
    i.DS3231_ReadWrite_Time                  0x08001878   Section        0  ds3231.o(i.DS3231_ReadWrite_Time)
    i.DS3231_Read_Byte                       0x08001a54   Section        0  ds3231.o(i.DS3231_Read_Byte)
    i.DS3231_Read_Temp                       0x08001a88   Section        0  ds3231.o(i.DS3231_Read_Temp)
    i.DateStateFunc                          0x08001afc   Section        0  nixieapp.o(i.DateStateFunc)
    i.DebugMon_Handler                       0x08001f8c   Section        0  stm32f10x_it.o(i.DebugMon_Handler)
    i.EnvironmentEvent                       0x08001f90   Section        0  nixieapp.o(i.EnvironmentEvent)
    i.GPIO_Init                              0x08001ff0   Section        0  stm32f10x_gpio.o(i.GPIO_Init)
    i.GPIO_ReadInputDataBit                  0x08002106   Section        0  stm32f10x_gpio.o(i.GPIO_ReadInputDataBit)
    i.GPIO_ResetBits                         0x08002118   Section        0  stm32f10x_gpio.o(i.GPIO_ResetBits)
    i.GPIO_SetBits                           0x0800211c   Section        0  stm32f10x_gpio.o(i.GPIO_SetBits)
    i.GetTimeValue                           0x08002120   Section        0  nixieapp.o(i.GetTimeValue)
    i.HV_Control                             0x08002144   Section        0  highvoltage.o(i.HV_Control)
    i.HV_ControlInit                         0x08002164   Section        0  highvoltage.o(i.HV_ControlInit)
    i.HardFault_Handler                      0x08002198   Section        0  stm32f10x_it.o(i.HardFault_Handler)
    i.IIC_SDA_IN                             0x0800219c   Section        0  ds3231.o(i.IIC_SDA_IN)
    i.IIC_SDA_OUT                            0x080021c4   Section        0  ds3231.o(i.IIC_SDA_OUT)
    i.IIC_Start                              0x080021f0   Section        0  oled.o(i.IIC_Start)
    i.IIC_Stop                               0x08002220   Section        0  oled.o(i.IIC_Stop)
    i.IIC_Wait_Ack                           0x08002248   Section        0  oled.o(i.IIC_Wait_Ack)
    i.InfoDisplay                            0x08002264   Section        0  nixieapp.o(i.InfoDisplay)
    i.KeyBoardInit                           0x0800232c   Section        0  keyboard.o(i.KeyBoardInit)
    i.KeyEvent_Ctrl_WSNC2SetMenu             0x08002374   Section        0  nixieapp.o(i.KeyEvent_Ctrl_WSNC2SetMenu)
    i.KeyEvent_NT                            0x080023a0   Section        0  nixieapp.o(i.KeyEvent_NT)
    i.LEDBreathing                           0x08002440   Section        0  ledtimer.o(i.LEDBreathing)
    i.LEDFlash                               0x080024c0   Section        0  ledtimer.o(i.LEDFlash)
    i.LEDHartAttack                          0x08002540   Section        0  nixieapp.o(i.LEDHartAttack)
    i.LEDTimerInit                           0x08002580   Section        0  ledtimer.o(i.LEDTimerInit)
    i.LED_Control                            0x08002644   Section        0  ledtimer.o(i.LED_Control)
    i.LED_HartAttackInit                     0x08002660   Section        0  ledtimer.o(i.LED_HartAttackInit)
    i.LED_HartCmd                            0x080026b4   Section        0  ledtimer.o(i.LED_HartCmd)
    i.LED_TIM3Init                           0x080026d8   Section        0  ledtimer.o(i.LED_TIM3Init)
    i.MemManage_Handler                      0x08002738   Section        0  stm32f10x_it.o(i.MemManage_Handler)
    i.MenuStateFunc                          0x0800273c   Section        0  nixieapp.o(i.MenuStateFunc)
    i.NMI_Handler                            0x080028b0   Section        0  stm32f10x_it.o(i.NMI_Handler)
    i.NVIC_Init                              0x080028b4   Section        0  misc.o(i.NVIC_Init)
    i.NVIC_PriorityGroupConfig               0x08002924   Section        0  misc.o(i.NVIC_PriorityGroupConfig)
    i.NixieAddFlash                          0x08002938   Section        0  nixieapp.o(i.NixieAddFlash)
    i.NixieTimeDisplay                       0x08002964   Section        0  nixieapp.o(i.NixieTimeDisplay)
    i.NixieTubeControl                       0x080029d8   Section        0  nixietube.o(i.NixieTubeControl)
    i.NixieTubeDisplay                       0x080029f4   Section        0  nixietube.o(i.NixieTubeDisplay)
    i.NixieTubeDrive                         0x08002a40   Section        0  nixietube.o(i.NixieTubeDrive)
    i.NixieTubeFlash                         0x08002a7c   Section        0  nixietube.o(i.NixieTubeFlash)
    i.NixieTubeInit                          0x08002ab8   Section        0  nixietube.o(i.NixieTubeInit)
    i.NixieTubeTest                          0x08002af8   Section        0  nixietube.o(i.NixieTubeTest)
    i.Nixie_Interrupt                        0x08002b7c   Section        0  nixieapp.o(i.Nixie_Interrupt)
    i.Nixie_Loop                             0x08002b88   Section        0  nixieapp.o(i.Nixie_Loop)
    i.Nixie_Setup                            0x08002c58   Section        0  nixieapp.o(i.Nixie_Setup)
    i.OLED_Clear                             0x08002cb0   Section        0  oled.o(i.OLED_Clear)
    i.OLED_DrawBMP                           0x08002cee   Section        0  oled.o(i.OLED_DrawBMP)
    i.OLED_Init                              0x08002d64   Section        0  oled.o(i.OLED_Init)
    i.OLED_Set_Pos                           0x08002e80   Section        0  oled.o(i.OLED_Set_Pos)
    i.OLED_ShowChar                          0x08002ea8   Section        0  oled.o(i.OLED_ShowChar)
    i.OLED_ShowString                        0x08002f4c   Section        0  oled.o(i.OLED_ShowString)
    i.OLED_WR_Byte                           0x08002f86   Section        0  oled.o(i.OLED_WR_Byte)
    i.PendSV_Handler                         0x08002f9e   Section        0  stm32f10x_it.o(i.PendSV_Handler)
    i.RCC_APB1PeriphClockCmd                 0x08002fa0   Section        0  stm32f10x_rcc.o(i.RCC_APB1PeriphClockCmd)
    i.RCC_APB2PeriphClockCmd                 0x08002fc0   Section        0  stm32f10x_rcc.o(i.RCC_APB2PeriphClockCmd)
    i.SVC_Handler                            0x08002fe0   Section        0  stm32f10x_it.o(i.SVC_Handler)
    i.SetSysClock                            0x08002fe2   Section        0  system_stm32f10x.o(i.SetSysClock)
    SetSysClock                              0x08002fe3   Thumb Code     8  system_stm32f10x.o(i.SetSysClock)
    i.SetSysClockTo72                        0x08002fec   Section        0  system_stm32f10x.o(i.SetSysClockTo72)
    SetSysClockTo72                          0x08002fed   Thumb Code   214  system_stm32f10x.o(i.SetSysClockTo72)
    i.StatusView                             0x080030cc   Section        0  nixieapp.o(i.StatusView)
    i.SysTick_CLKSourceConfig                0x080031c0   Section        0  misc.o(i.SysTick_CLKSourceConfig)
    i.SysTick_Handler                        0x080031e8   Section        0  stm32f10x_it.o(i.SysTick_Handler)
    i.Sys_Interrupt                          0x080031ea   Section        0  amadeusmain.o(i.Sys_Interrupt)
    i.Sys_loop                               0x080031f2   Section        0  amadeusmain.o(i.Sys_loop)
    i.Sys_setup                              0x080031fa   Section        0  amadeusmain.o(i.Sys_setup)
    i.SystemInit                             0x08003250   Section        0  system_stm32f10x.o(i.SystemInit)
    i.TIM3_IRQHandler                        0x080032b0   Section        0  ledtimer.o(i.TIM3_IRQHandler)
    i.TIM4_IRQHandler                        0x080032c8   Section        0  tim.o(i.TIM4_IRQHandler)
    i.TIM4_Init                              0x080032e8   Section        0  tim.o(i.TIM4_Init)
    i.TIM_ARRPreloadConfig                   0x08003344   Section        0  stm32f10x_tim.o(i.TIM_ARRPreloadConfig)
    i.TIM_ClearITPendingBit                  0x0800335c   Section        0  stm32f10x_tim.o(i.TIM_ClearITPendingBit)
    i.TIM_Cmd                                0x08003362   Section        0  stm32f10x_tim.o(i.TIM_Cmd)
    i.TIM_CtrlPWMOutputs                     0x0800337a   Section        0  stm32f10x_tim.o(i.TIM_CtrlPWMOutputs)
    i.TIM_GetITStatus                        0x08003398   Section        0  stm32f10x_tim.o(i.TIM_GetITStatus)
    i.TIM_ITConfig                           0x080033ba   Section        0  stm32f10x_tim.o(i.TIM_ITConfig)
    i.TIM_OC1Init                            0x080033cc   Section        0  stm32f10x_tim.o(i.TIM_OC1Init)
    i.TIM_OC2Init                            0x08003464   Section        0  stm32f10x_tim.o(i.TIM_OC2Init)
    i.TIM_OC2PreloadConfig                   0x08003508   Section        0  stm32f10x_tim.o(i.TIM_OC2PreloadConfig)
    i.TIM_SetCompare1                        0x08003522   Section        0  stm32f10x_tim.o(i.TIM_SetCompare1)
    i.TIM_SetCompare2                        0x08003526   Section        0  stm32f10x_tim.o(i.TIM_SetCompare2)
    i.TIM_TimeBaseInit                       0x0800352c   Section        0  stm32f10x_tim.o(i.TIM_TimeBaseInit)
    i.TimeStateFunc                          0x080035d0   Section        0  nixieapp.o(i.TimeStateFunc)
    i.Time_Handle                            0x08003ad8   Section        0  ds3231.o(i.Time_Handle)
    i.USART1_IRQHandler                      0x08003be4   Section        0  usart.o(i.USART1_IRQHandler)
    i.USART_GetITStatus                      0x08003c6c   Section        0  stm32f10x_usart.o(i.USART_GetITStatus)
    i.USART_ReceiveData                      0x08003cc0   Section        0  stm32f10x_usart.o(i.USART_ReceiveData)
    i.UsageFault_Handler                     0x08003cca   Section        0  stm32f10x_it.o(i.UsageFault_Handler)
    i.Write_IIC_Byte                         0x08003cd0   Section        0  oled.o(i.Write_IIC_Byte)
    i.Write_IIC_Command                      0x08003d2c   Section        0  oled.o(i.Write_IIC_Command)
    i.Write_IIC_Data                         0x08003d58   Section        0  oled.o(i.Write_IIC_Data)
    i.__ARM_fpclassify                       0x08003d84   Section        0  fpclassify.o(i.__ARM_fpclassify)
    i._is_digit                              0x08003dac   Section        0  __printf_wp.o(i._is_digit)
    i._sys_exit                              0x08003dba   Section        0  usart.o(i._sys_exit)
    i.delay_init                             0x08003dc0   Section        0  delay.o(i.delay_init)
    i.delay_ms                               0x08003e04   Section        0  delay.o(i.delay_ms)
    i.delay_us                               0x08003e50   Section        0  delay.o(i.delay_us)
    i.getKey_Ctrl                            0x08003e9c   Section        0  keyboard.o(i.getKey_Ctrl)
    i.getKey_EN                              0x08003ed8   Section        0  keyboard.o(i.getKey_EN)
    i.getKey_NT                              0x08003ef4   Section        0  keyboard.o(i.getKey_NT)
    i.main                                   0x08003f28   Section        0  main.o(i.main)
    i.weekUpTick                             0x08003f34   Section        0  nixieapp.o(i.weekUpTick)
    locale$$code                             0x08003f60   Section       44  lc_numeric_c.o(locale$$code)
    x$fpl$dretinf                            0x08003f8c   Section       12  dretinf.o(x$fpl$dretinf)
    x$fpl$f2d                                0x08003f98   Section       86  f2d.o(x$fpl$f2d)
    x$fpl$fadd                               0x08003ff0   Section      196  faddsub_clz.o(x$fpl$fadd)
    _fadd1                                   0x08003fff   Thumb Code     0  faddsub_clz.o(x$fpl$fadd)
    x$fpl$ffltu                              0x080040b4   Section       38  fflt_clz.o(x$fpl$ffltu)
    x$fpl$fmul                               0x080040dc   Section      258  fmul.o(x$fpl$fmul)
    x$fpl$fnaninf                            0x080041de   Section      140  fnaninf.o(x$fpl$fnaninf)
    x$fpl$fretinf                            0x0800426a   Section       10  fretinf.o(x$fpl$fretinf)
    x$fpl$fsub                               0x08004274   Section      234  faddsub_clz.o(x$fpl$fsub)
    _fsub1                                   0x08004283   Thumb Code     0  faddsub_clz.o(x$fpl$fsub)
    x$fpl$printf1                            0x0800435e   Section        4  printf1.o(x$fpl$printf1)
    .constdata                               0x08004362   Section     2048  nixieapp.o(.constdata)
    x$fpl$usenofp                            0x08004362   Section        0  usenofp.o(x$fpl$usenofp)
    .constdata                               0x08004b62   Section     2072  oled.o(.constdata)
    .constdata                               0x0800537a   Section       66  nixietube.o(.constdata)
    .constdata                               0x080053bc   Section       28  keyboard.o(.constdata)
    .constdata                               0x080053d8   Section       17  __printf_flags_wp.o(.constdata)
    maptable                                 0x080053d8   Data          17  __printf_flags_wp.o(.constdata)
    .constdata                               0x080053ec   Section      148  bigflt0.o(.constdata)
    tenpwrs_x                                0x080053ec   Data          60  bigflt0.o(.constdata)
    tenpwrs_i                                0x08005428   Data          64  bigflt0.o(.constdata)
    locale$$data                             0x080054a0   Section       28  lc_numeric_c.o(locale$$data)
    __lcnum_c_name                           0x080054a4   Data           2  lc_numeric_c.o(locale$$data)
    __lcnum_c_start                          0x080054ac   Data           0  lc_numeric_c.o(locale$$data)
    __lcnum_c_point                          0x080054b8   Data           0  lc_numeric_c.o(locale$$data)
    __lcnum_c_thousands                      0x080054ba   Data           0  lc_numeric_c.o(locale$$data)
    __lcnum_c_grouping                       0x080054bb   Data           0  lc_numeric_c.o(locale$$data)
    __lcnum_c_end                            0x080054bc   Data           0  lc_numeric_c.o(locale$$data)
    .data                                    0x20000000   Section       41  nixieapp.o(.data)
    str                                      0x20000008   Data           7  nixieapp.o(.data)
    div                                      0x20000010   Data           2  nixieapp.o(.data)
    div                                      0x20000012   Data           2  nixieapp.o(.data)
    flag                                     0x20000014   Data           1  nixieapp.o(.data)
    attack                                   0x20000015   Data           1  nixieapp.o(.data)
    cursor                                   0x20000016   Data           1  nixieapp.o(.data)
    cursor                                   0x20000017   Data           1  nixieapp.o(.data)
    flag_now                                 0x20000018   Data           1  nixieapp.o(.data)
    timeVal                                  0x20000019   Data           7  nixieapp.o(.data)
    cursor                                   0x20000020   Data           1  nixieapp.o(.data)
    flag_now                                 0x20000021   Data           1  nixieapp.o(.data)
    timeVal                                  0x20000022   Data           7  nixieapp.o(.data)
    .data                                    0x2000002c   Section       20  system_stm32f10x.o(.data)
    .data                                    0x20000040   Section        1  nixietube.o(.data)
    .data                                    0x20000042   Section       13  ledtimer.o(.data)
    pluse                                    0x20000044   Data           2  ledtimer.o(.data)
    div                                      0x20000046   Data           2  ledtimer.o(.data)
    flag                                     0x20000048   Data           1  ledtimer.o(.data)
    pluse                                    0x2000004a   Data           2  ledtimer.o(.data)
    div                                      0x2000004c   Data           2  ledtimer.o(.data)
    flag                                     0x2000004e   Data           1  ledtimer.o(.data)
    .data                                    0x2000004f   Section       37  ds3231.o(.data)
    .data                                    0x20000074   Section        4  delay.o(.data)
    fac_us                                   0x20000074   Data           1  delay.o(.data)
    fac_ms                                   0x20000076   Data           2  delay.o(.data)
    .data                                    0x20000078   Section        8  usart.o(.data)
    .bss                                     0x20000080   Section      455  usart.o(.bss)
    .bss                                     0x20000248   Section      228  rand.o(.bss)
    .bss                                     0x2000032c   Section       96  libspace.o(.bss)
    HEAP                                     0x20000390   Section      512  startup_stm32f10x_hd.o(HEAP)
    Heap_Mem                                 0x20000390   Data         512  startup_stm32f10x_hd.o(HEAP)
    STACK                                    0x20000590   Section     1024  startup_stm32f10x_hd.o(STACK)
    Stack_Mem                                0x20000590   Data        1024  startup_stm32f10x_hd.o(STACK)
    __initial_sp                             0x20000990   Data           0  startup_stm32f10x_hd.o(STACK)

    Global Symbols

    Symbol Name                              Value     Ov Type        Size  Object(Section)

    BuildAttributes$$THM_ISAv4$P$D$K$B$S$PE$A:L22UL41UL21$X:L11$S22US41US21$IEEE1$IW$USESV6$~STKCKD$USESV7$~SHL$OTIME$ROPI$IEEEJ$EBA8$UX$STANDARDLIB$REQ8$PRES8$EABIv2 0x00000000   Number         0  anon$$obj.o ABSOLUTE
    __ARM_use_no_argv                        0x00000000   Number         0  main.o ABSOLUTE
    _printf_flags                            0x00000000   Number         0  printf_stubs.o ABSOLUTE
    _printf_return_value                     0x00000000   Number         0  printf_stubs.o ABSOLUTE
    _printf_sizespec                         0x00000000   Number         0  printf_stubs.o ABSOLUTE
    _printf_widthprec                        0x00000000   Number         0  printf_stubs.o ABSOLUTE
    __ARM_exceptions_init                     - Undefined Weak Reference
    __alloca_initialize                       - Undefined Weak Reference
    __arm_preinit_                            - Undefined Weak Reference
    __cpp_initialize__aeabi_                  - Undefined Weak Reference
    __cxa_finalize                            - Undefined Weak Reference
    __sigvec_lookup                           - Undefined Weak Reference
    _atexit_init                              - Undefined Weak Reference
    _call_atexit_fns                          - Undefined Weak Reference
    _clock_init                               - Undefined Weak Reference
    _fp_trap_init                             - Undefined Weak Reference
    _fp_trap_shutdown                         - Undefined Weak Reference
    _get_lc_collate                           - Undefined Weak Reference
    _get_lc_ctype                             - Undefined Weak Reference
    _get_lc_monetary                          - Undefined Weak Reference
    _get_lc_time                              - Undefined Weak Reference
    _getenv_init                              - Undefined Weak Reference
    _handle_redirection                       - Undefined Weak Reference
    _init_alloc                               - Undefined Weak Reference
    _init_user_alloc                          - Undefined Weak Reference
    _initio                                   - Undefined Weak Reference
    _printf_mbtowc                            - Undefined Weak Reference
    _printf_truncate_signed                   - Undefined Weak Reference
    _printf_truncate_unsigned                 - Undefined Weak Reference
    _signal_finish                            - Undefined Weak Reference
    _signal_init                              - Undefined Weak Reference
    _terminate_alloc                          - Undefined Weak Reference
    _terminate_user_alloc                     - Undefined Weak Reference
    _terminateio                              - Undefined Weak Reference
    __Vectors_Size                           0x00000130   Number         0  startup_stm32f10x_hd.o ABSOLUTE
    __Vectors                                0x08000000   Data           4  startup_stm32f10x_hd.o(RESET)
    __Vectors_End                            0x08000130   Data           0  startup_stm32f10x_hd.o(RESET)
    __main                                   0x08000131   Thumb Code     8  __main.o(!!!main)
    __scatterload                            0x08000139   Thumb Code     0  __scatter.o(!!!scatter)
    __scatterload_rt2                        0x08000139   Thumb Code    44  __scatter.o(!!!scatter)
    __scatterload_rt2_thumb_only             0x08000139   Thumb Code     0  __scatter.o(!!!scatter)
    __scatterload_null                       0x08000147   Thumb Code     0  __scatter.o(!!!scatter)
    __scatterload_copy                       0x0800016d   Thumb Code    26  __scatter_copy.o(!!handler_copy)
    __scatterload_zeroinit                   0x08000189   Thumb Code    28  __scatter_zi.o(!!handler_zi)
    _printf_f                                0x080001a5   Thumb Code     0  _printf_f.o(.ARM.Collect$$_printf_percent$$00000003)
    _printf_percent                          0x080001a5   Thumb Code     0  _printf_percent.o(.ARM.Collect$$_printf_percent$$00000000)
    _printf_d                                0x080001ab   Thumb Code     0  _printf_d.o(.ARM.Collect$$_printf_percent$$00000009)
    _printf_s                                0x080001b1   Thumb Code     0  _printf_s.o(.ARM.Collect$$_printf_percent$$00000014)
    _printf_percent_end                      0x080001b7   Thumb Code     0  _printf_percent_end.o(.ARM.Collect$$_printf_percent$$00000017)
    __rt_lib_init                            0x080001bb   Thumb Code     0  libinit.o(.ARM.Collect$$libinit$$00000000)
    __rt_lib_init_fp_1                       0x080001bd   Thumb Code     0  libinit2.o(.ARM.Collect$$libinit$$00000002)
    __rt_lib_init_heap_1                     0x080001bd   Thumb Code     0  libinit2.o(.ARM.Collect$$libinit$$0000000A)
    __rt_lib_init_preinit_1                  0x080001bd   Thumb Code     0  libinit2.o(.ARM.Collect$$libinit$$00000004)
    __rt_lib_init_rand_2                     0x080001bd   Thumb Code     0  libinit2.o(.ARM.Collect$$libinit$$0000000D)
    __rt_lib_init_user_alloc_1               0x080001bd   Thumb Code     0  libinit2.o(.ARM.Collect$$libinit$$0000000C)
    __rt_lib_init_lc_common                  0x080001c1   Thumb Code     0  libinit2.o(.ARM.Collect$$libinit$$0000000F)
    __rt_lib_init_rand_1                     0x080001c1   Thumb Code     0  libinit2.o(.ARM.Collect$$libinit$$0000000E)
    __rt_lib_init_lc_collate_1               0x080001c7   Thumb Code     0  libinit2.o(.ARM.Collect$$libinit$$00000011)
    __rt_lib_init_lc_ctype_1                 0x080001c7   Thumb Code     0  libinit2.o(.ARM.Collect$$libinit$$00000013)
    __rt_lib_init_lc_monetary_1              0x080001c7   Thumb Code     0  libinit2.o(.ARM.Collect$$libinit$$00000015)
    __rt_lib_init_lc_numeric_2               0x080001c7   Thumb Code     0  libinit2.o(.ARM.Collect$$libinit$$00000016)
    __rt_lib_init_alloca_1                   0x080001d1   Thumb Code     0  libinit2.o(.ARM.Collect$$libinit$$0000002E)
    __rt_lib_init_argv_1                     0x080001d1   Thumb Code     0  libinit2.o(.ARM.Collect$$libinit$$0000002C)
    __rt_lib_init_atexit_1                   0x080001d1   Thumb Code     0  libinit2.o(.ARM.Collect$$libinit$$0000001B)
    __rt_lib_init_clock_1                    0x080001d1   Thumb Code     0  libinit2.o(.ARM.Collect$$libinit$$00000021)
    __rt_lib_init_cpp_1                      0x080001d1   Thumb Code     0  libinit2.o(.ARM.Collect$$libinit$$00000032)
    __rt_lib_init_exceptions_1               0x080001d1   Thumb Code     0  libinit2.o(.ARM.Collect$$libinit$$00000030)
    __rt_lib_init_fp_trap_1                  0x080001d1   Thumb Code     0  libinit2.o(.ARM.Collect$$libinit$$0000001F)
    __rt_lib_init_getenv_1                   0x080001d1   Thumb Code     0  libinit2.o(.ARM.Collect$$libinit$$00000023)
    __rt_lib_init_lc_numeric_1               0x080001d1   Thumb Code     0  libinit2.o(.ARM.Collect$$libinit$$00000017)
    __rt_lib_init_lc_time_1                  0x080001d1   Thumb Code     0  libinit2.o(.ARM.Collect$$libinit$$00000019)
    __rt_lib_init_return                     0x080001d1   Thumb Code     0  libinit2.o(.ARM.Collect$$libinit$$00000033)
    __rt_lib_init_signal_1                   0x080001d1   Thumb Code     0  libinit2.o(.ARM.Collect$$libinit$$0000001D)
    __rt_lib_init_stdio_1                    0x080001d1   Thumb Code     0  libinit2.o(.ARM.Collect$$libinit$$00000025)
    __rt_lib_shutdown                        0x080001d3   Thumb Code     0  libshutdown.o(.ARM.Collect$$libshutdown$$00000000)
    __rt_lib_shutdown_cpp_1                  0x080001d5   Thumb Code     0  libshutdown2.o(.ARM.Collect$$libshutdown$$00000002)
    __rt_lib_shutdown_fp_trap_1              0x080001d5   Thumb Code     0  libshutdown2.o(.ARM.Collect$$libshutdown$$00000007)
    __rt_lib_shutdown_heap_1                 0x080001d5   Thumb Code     0  libshutdown2.o(.ARM.Collect$$libshutdown$$0000000F)
    __rt_lib_shutdown_return                 0x080001d5   Thumb Code     0  libshutdown2.o(.ARM.Collect$$libshutdown$$00000010)
    __rt_lib_shutdown_signal_1               0x080001d5   Thumb Code     0  libshutdown2.o(.ARM.Collect$$libshutdown$$0000000A)
    __rt_lib_shutdown_stdio_1                0x080001d5   Thumb Code     0  libshutdown2.o(.ARM.Collect$$libshutdown$$00000004)
    __rt_lib_shutdown_user_alloc_1           0x080001d5   Thumb Code     0  libshutdown2.o(.ARM.Collect$$libshutdown$$0000000C)
    __rt_entry                               0x080001d7   Thumb Code     0  __rtentry.o(.ARM.Collect$$rtentry$$00000000)
    __rt_entry_presh_1                       0x080001d7   Thumb Code     0  __rtentry2.o(.ARM.Collect$$rtentry$$00000002)
    __rt_entry_sh                            0x080001d7   Thumb Code     0  __rtentry4.o(.ARM.Collect$$rtentry$$00000004)
    __rt_entry_li                            0x080001dd   Thumb Code     0  __rtentry2.o(.ARM.Collect$$rtentry$$0000000A)
    __rt_entry_postsh_1                      0x080001dd   Thumb Code     0  __rtentry2.o(.ARM.Collect$$rtentry$$00000009)
    __rt_entry_main                          0x080001e1   Thumb Code     0  __rtentry2.o(.ARM.Collect$$rtentry$$0000000D)
    __rt_entry_postli_1                      0x080001e1   Thumb Code     0  __rtentry2.o(.ARM.Collect$$rtentry$$0000000C)
    __rt_exit                                0x080001e9   Thumb Code     0  rtexit.o(.ARM.Collect$$rtexit$$00000000)
    __rt_exit_ls                             0x080001eb   Thumb Code     0  rtexit2.o(.ARM.Collect$$rtexit$$00000003)
    __rt_exit_prels_1                        0x080001eb   Thumb Code     0  rtexit2.o(.ARM.Collect$$rtexit$$00000002)
    __rt_exit_exit                           0x080001ef   Thumb Code     0  rtexit2.o(.ARM.Collect$$rtexit$$00000004)
    rand                                     0x080001f5   Thumb Code    48  rand.o(.emb_text)
    Reset_Handler                            0x08000229   Thumb Code     8  startup_stm32f10x_hd.o(.text)
    ADC1_2_IRQHandler                        0x08000243   Thumb Code     0  startup_stm32f10x_hd.o(.text)
    ADC3_IRQHandler                          0x08000243   Thumb Code     0  startup_stm32f10x_hd.o(.text)
    CAN1_RX1_IRQHandler                      0x08000243   Thumb Code     0  startup_stm32f10x_hd.o(.text)
    CAN1_SCE_IRQHandler                      0x08000243   Thumb Code     0  startup_stm32f10x_hd.o(.text)
    DMA1_Channel1_IRQHandler                 0x08000243   Thumb Code     0  startup_stm32f10x_hd.o(.text)
    DMA1_Channel2_IRQHandler                 0x08000243   Thumb Code     0  startup_stm32f10x_hd.o(.text)
    DMA1_Channel3_IRQHandler                 0x08000243   Thumb Code     0  startup_stm32f10x_hd.o(.text)
    DMA1_Channel4_IRQHandler                 0x08000243   Thumb Code     0  startup_stm32f10x_hd.o(.text)
    DMA1_Channel5_IRQHandler                 0x08000243   Thumb Code     0  startup_stm32f10x_hd.o(.text)
    DMA1_Channel6_IRQHandler                 0x08000243   Thumb Code     0  startup_stm32f10x_hd.o(.text)
    DMA1_Channel7_IRQHandler                 0x08000243   Thumb Code     0  startup_stm32f10x_hd.o(.text)
    DMA2_Channel1_IRQHandler                 0x08000243   Thumb Code     0  startup_stm32f10x_hd.o(.text)
    DMA2_Channel2_IRQHandler                 0x08000243   Thumb Code     0  startup_stm32f10x_hd.o(.text)
    DMA2_Channel3_IRQHandler                 0x08000243   Thumb Code     0  startup_stm32f10x_hd.o(.text)
    DMA2_Channel4_5_IRQHandler               0x08000243   Thumb Code     0  startup_stm32f10x_hd.o(.text)
    EXTI0_IRQHandler                         0x08000243   Thumb Code     0  startup_stm32f10x_hd.o(.text)
    EXTI15_10_IRQHandler                     0x08000243   Thumb Code     0  startup_stm32f10x_hd.o(.text)
    EXTI1_IRQHandler                         0x08000243   Thumb Code     0  startup_stm32f10x_hd.o(.text)
    EXTI2_IRQHandler                         0x08000243   Thumb Code     0  startup_stm32f10x_hd.o(.text)
    EXTI3_IRQHandler                         0x08000243   Thumb Code     0  startup_stm32f10x_hd.o(.text)
    EXTI4_IRQHandler                         0x08000243   Thumb Code     0  startup_stm32f10x_hd.o(.text)
    EXTI9_5_IRQHandler                       0x08000243   Thumb Code     0  startup_stm32f10x_hd.o(.text)
    FLASH_IRQHandler                         0x08000243   Thumb Code     0  startup_stm32f10x_hd.o(.text)
    FSMC_IRQHandler                          0x08000243   Thumb Code     0  startup_stm32f10x_hd.o(.text)
    I2C1_ER_IRQHandler                       0x08000243   Thumb Code     0  startup_stm32f10x_hd.o(.text)
    I2C1_EV_IRQHandler                       0x08000243   Thumb Code     0  startup_stm32f10x_hd.o(.text)
    I2C2_ER_IRQHandler                       0x08000243   Thumb Code     0  startup_stm32f10x_hd.o(.text)
    I2C2_EV_IRQHandler                       0x08000243   Thumb Code     0  startup_stm32f10x_hd.o(.text)
    PVD_IRQHandler                           0x08000243   Thumb Code     0  startup_stm32f10x_hd.o(.text)
    RCC_IRQHandler                           0x08000243   Thumb Code     0  startup_stm32f10x_hd.o(.text)
    RTCAlarm_IRQHandler                      0x08000243   Thumb Code     0  startup_stm32f10x_hd.o(.text)
    RTC_IRQHandler                           0x08000243   Thumb Code     0  startup_stm32f10x_hd.o(.text)
    SDIO_IRQHandler                          0x08000243   Thumb Code     0  startup_stm32f10x_hd.o(.text)
    SPI1_IRQHandler                          0x08000243   Thumb Code     0  startup_stm32f10x_hd.o(.text)
    SPI2_IRQHandler                          0x08000243   Thumb Code     0  startup_stm32f10x_hd.o(.text)
    SPI3_IRQHandler                          0x08000243   Thumb Code     0  startup_stm32f10x_hd.o(.text)
    TAMPER_IRQHandler                        0x08000243   Thumb Code     0  startup_stm32f10x_hd.o(.text)
    TIM1_BRK_IRQHandler                      0x08000243   Thumb Code     0  startup_stm32f10x_hd.o(.text)
    TIM1_CC_IRQHandler                       0x08000243   Thumb Code     0  startup_stm32f10x_hd.o(.text)
    TIM1_TRG_COM_IRQHandler                  0x08000243   Thumb Code     0  startup_stm32f10x_hd.o(.text)
    TIM1_UP_IRQHandler                       0x08000243   Thumb Code     0  startup_stm32f10x_hd.o(.text)
    TIM2_IRQHandler                          0x08000243   Thumb Code     0  startup_stm32f10x_hd.o(.text)
    TIM5_IRQHandler                          0x08000243   Thumb Code     0  startup_stm32f10x_hd.o(.text)
    TIM6_IRQHandler                          0x08000243   Thumb Code     0  startup_stm32f10x_hd.o(.text)
    TIM7_IRQHandler                          0x08000243   Thumb Code     0  startup_stm32f10x_hd.o(.text)
    TIM8_BRK_IRQHandler                      0x08000243   Thumb Code     0  startup_stm32f10x_hd.o(.text)
    TIM8_CC_IRQHandler                       0x08000243   Thumb Code     0  startup_stm32f10x_hd.o(.text)
    TIM8_TRG_COM_IRQHandler                  0x08000243   Thumb Code     0  startup_stm32f10x_hd.o(.text)
    TIM8_UP_IRQHandler                       0x08000243   Thumb Code     0  startup_stm32f10x_hd.o(.text)
    UART4_IRQHandler                         0x08000243   Thumb Code     0  startup_stm32f10x_hd.o(.text)
    UART5_IRQHandler                         0x08000243   Thumb Code     0  startup_stm32f10x_hd.o(.text)
    USART2_IRQHandler                        0x08000243   Thumb Code     0  startup_stm32f10x_hd.o(.text)
    USART3_IRQHandler                        0x08000243   Thumb Code     0  startup_stm32f10x_hd.o(.text)
    USBWakeUp_IRQHandler                     0x08000243   Thumb Code     0  startup_stm32f10x_hd.o(.text)
    USB_HP_CAN1_TX_IRQHandler                0x08000243   Thumb Code     0  startup_stm32f10x_hd.o(.text)
    USB_LP_CAN1_RX0_IRQHandler               0x08000243   Thumb Code     0  startup_stm32f10x_hd.o(.text)
    WWDG_IRQHandler                          0x08000243   Thumb Code     0  startup_stm32f10x_hd.o(.text)
    __user_initial_stackheap                 0x08000245   Thumb Code     0  startup_stm32f10x_hd.o(.text)
    __use_no_semihosting                     0x08000269   Thumb Code     2  use_no_semi_2.o(.text)
    __2sprintf                               0x0800026d   Thumb Code    34  noretval__2sprintf.o(.text)
    _printf_pre_padding                      0x08000295   Thumb Code    44  _printf_pad.o(.text)
    _printf_post_padding                     0x080002c1   Thumb Code    34  _printf_pad.o(.text)
    _printf_str                              0x080002e3   Thumb Code    82  _printf_str.o(.text)
    _printf_int_dec                          0x08000335   Thumb Code   104  _printf_dec.o(.text)
    __printf                                 0x080003ad   Thumb Code   308  __printf_flags_wp.o(.text)
    srand                                    0x080004e5   Thumb Code    42  rand.o(.text)
    _rand_init                               0x0800050f   Thumb Code     4  rand.o(.text)
    __aeabi_memcpy4                          0x08000521   Thumb Code     0  rt_memcpy_w.o(.text)
    __aeabi_memcpy8                          0x08000521   Thumb Code     0  rt_memcpy_w.o(.text)
    __rt_memcpy_w                            0x08000521   Thumb Code   100  rt_memcpy_w.o(.text)
    _memcpy_lastbytes_aligned                0x08000569   Thumb Code     0  rt_memcpy_w.o(.text)
    __aeabi_memclr4                          0x08000585   Thumb Code     0  rt_memclr_w.o(.text)
    __aeabi_memclr8                          0x08000585   Thumb Code     0  rt_memclr_w.o(.text)
    __rt_memclr_w                            0x08000585   Thumb Code    78  rt_memclr_w.o(.text)
    _memset_w                                0x08000589   Thumb Code     0  rt_memclr_w.o(.text)
    __use_two_region_memory                  0x080005d3   Thumb Code     2  heapauxi.o(.text)
    __rt_heap_escrow$2region                 0x080005d5   Thumb Code     2  heapauxi.o(.text)
    __rt_heap_expand$2region                 0x080005d7   Thumb Code     2  heapauxi.o(.text)
    __I$use$semihosting                      0x080005d9   Thumb Code     0  use_no_semi.o(.text)
    __use_no_semihosting_swi                 0x080005d9   Thumb Code     2  use_no_semi.o(.text)
    _printf_int_common                       0x080005db   Thumb Code   178  _printf_intcommon.o(.text)
    __lib_sel_fp_printf                      0x0800068d   Thumb Code     2  _printf_fp_dec.o(.text)
    _printf_fp_dec_real                      0x0800083f   Thumb Code   620  _printf_fp_dec.o(.text)
    _printf_char_common                      0x08000ab7   Thumb Code    32  _printf_char_common.o(.text)
    _sputc                                   0x08000add   Thumb Code    10  _sputc.o(.text)
    _printf_cs_common                        0x08000ae7   Thumb Code    20  _printf_char.o(.text)
    _printf_char                             0x08000afb   Thumb Code    16  _printf_char.o(.text)
    _printf_string                           0x08000b0b   Thumb Code     8  _printf_char.o(.text)
    __rt_locale                              0x08000b15   Thumb Code     8  rt_locale_intlibspace.o(.text)
    _ll_udiv10                               0x08000b1d   Thumb Code   138  lludiv10.o(.text)
    _printf_fp_infnan                        0x08000ba9   Thumb Code   112  _printf_fp_infnan.o(.text)
    _btod_etento                             0x08000c29   Thumb Code   224  bigflt0.o(.text)
    __user_libspace                          0x08000d0d   Thumb Code     8  libspace.o(.text)
    __user_perproc_libspace                  0x08000d0d   Thumb Code     0  libspace.o(.text)
    __user_perthread_libspace                0x08000d0d   Thumb Code     0  libspace.o(.text)
    __user_setup_stackheap                   0x08000d15   Thumb Code    74  sys_stackheap_outer.o(.text)
    exit                                     0x08000d5f   Thumb Code    18  exit.o(.text)
    strcmp                                   0x08000d71   Thumb Code   128  strcmpv7m.o(.text)
    _btod_d2e                                0x08000df1   Thumb Code    62  btod.o(CL$$btod_d2e)
    _d2e_denorm_low                          0x08000e2f   Thumb Code    70  btod.o(CL$$btod_d2e_denorm_low)
    _d2e_norm_op1                            0x08000e75   Thumb Code    96  btod.o(CL$$btod_d2e_norm_op1)
    __btod_div_common                        0x08000ed5   Thumb Code   696  btod.o(CL$$btod_div_common)
    _e2e                                     0x0800120d   Thumb Code   220  btod.o(CL$$btod_e2e)
    _btod_ediv                               0x080012e9   Thumb Code    42  btod.o(CL$$btod_ediv)
    _btod_emul                               0x08001313   Thumb Code    42  btod.o(CL$$btod_emul)
    __btod_mult_common                       0x0800133d   Thumb Code   580  btod.o(CL$$btod_mult_common)
    BeepInit                                 0x08001581   Thumb Code    46  beep.o(i.BeepInit)
    BeepSpeakCmd                             0x080015b5   Thumb Code    48  beep.o(i.BeepSpeakCmd)
    BusFault_Handler                         0x080015e9   Thumb Code     4  stm32f10x_it.o(i.BusFault_Handler)
    DS3231_GPIO_Config                       0x080015ed   Thumb Code    40  ds3231.o(i.DS3231_GPIO_Config)
    DS3231_IIC_Ack                           0x08001619   Thumb Code    72  ds3231.o(i.DS3231_IIC_Ack)
    DS3231_IIC_Read_Byte                     0x08001665   Thumb Code   102  ds3231.o(i.DS3231_IIC_Read_Byte)
    DS3231_IIC_Start                         0x080016d1   Thumb Code    72  ds3231.o(i.DS3231_IIC_Start)
    DS3231_IIC_Stop                          0x0800171d   Thumb Code    56  ds3231.o(i.DS3231_IIC_Stop)
    DS3231_IIC_Write_Byte                    0x08001759   Thumb Code   148  ds3231.o(i.DS3231_IIC_Write_Byte)
    DS3231_Operate_Register                  0x080017f1   Thumb Code   134  ds3231.o(i.DS3231_Operate_Register)
    DS3231_ReadWrite_Time                    0x08001879   Thumb Code   470  ds3231.o(i.DS3231_ReadWrite_Time)
    DS3231_Read_Byte                         0x08001a55   Thumb Code    52  ds3231.o(i.DS3231_Read_Byte)
    DS3231_Read_Temp                         0x08001a89   Thumb Code   106  ds3231.o(i.DS3231_Read_Temp)
    DateStateFunc                            0x08001afd   Thumb Code   984  nixieapp.o(i.DateStateFunc)
    DebugMon_Handler                         0x08001f8d   Thumb Code     2  stm32f10x_it.o(i.DebugMon_Handler)
    EnvironmentEvent                         0x08001f91   Thumb Code    80  nixieapp.o(i.EnvironmentEvent)
    GPIO_Init                                0x08001ff1   Thumb Code   278  stm32f10x_gpio.o(i.GPIO_Init)
    GPIO_ReadInputDataBit                    0x08002107   Thumb Code    18  stm32f10x_gpio.o(i.GPIO_ReadInputDataBit)
    GPIO_ResetBits                           0x08002119   Thumb Code     4  stm32f10x_gpio.o(i.GPIO_ResetBits)
    GPIO_SetBits                             0x0800211d   Thumb Code     4  stm32f10x_gpio.o(i.GPIO_SetBits)
    GetTimeValue                             0x08002121   Thumb Code    32  nixieapp.o(i.GetTimeValue)
    HV_Control                               0x08002145   Thumb Code    26  highvoltage.o(i.HV_Control)
    HV_ControlInit                           0x08002165   Thumb Code    46  highvoltage.o(i.HV_ControlInit)
    HardFault_Handler                        0x08002199   Thumb Code     4  stm32f10x_it.o(i.HardFault_Handler)
    IIC_SDA_IN                               0x0800219d   Thumb Code    34  ds3231.o(i.IIC_SDA_IN)
    IIC_SDA_OUT                              0x080021c5   Thumb Code    40  ds3231.o(i.IIC_SDA_OUT)
    IIC_Start                                0x080021f1   Thumb Code    44  oled.o(i.IIC_Start)
    IIC_Stop                                 0x08002221   Thumb Code    34  oled.o(i.IIC_Stop)
    IIC_Wait_Ack                             0x08002249   Thumb Code    24  oled.o(i.IIC_Wait_Ack)
    InfoDisplay                              0x08002265   Thumb Code   126  nixieapp.o(i.InfoDisplay)
    KeyBoardInit                             0x0800232d   Thumb Code    68  keyboard.o(i.KeyBoardInit)
    KeyEvent_Ctrl_WSNC2SetMenu               0x08002375   Thumb Code    40  nixieapp.o(i.KeyEvent_Ctrl_WSNC2SetMenu)
    KeyEvent_NT                              0x080023a1   Thumb Code   156  nixieapp.o(i.KeyEvent_NT)
    LEDBreathing                             0x08002441   Thumb Code   110  ledtimer.o(i.LEDBreathing)
    LEDFlash                                 0x080024c1   Thumb Code   110  ledtimer.o(i.LEDFlash)
    LEDHartAttack                            0x08002541   Thumb Code    56  nixieapp.o(i.LEDHartAttack)
    LEDTimerInit                             0x08002581   Thumb Code   190  ledtimer.o(i.LEDTimerInit)
    LED_Control                              0x08002645   Thumb Code    22  ledtimer.o(i.LED_Control)
    LED_HartAttackInit                       0x08002661   Thumb Code    74  ledtimer.o(i.LED_HartAttackInit)
    LED_HartCmd                              0x080026b5   Thumb Code    26  ledtimer.o(i.LED_HartCmd)
    LED_TIM3Init                             0x080026d9   Thumb Code    92  ledtimer.o(i.LED_TIM3Init)
    MemManage_Handler                        0x08002739   Thumb Code     4  stm32f10x_it.o(i.MemManage_Handler)
    MenuStateFunc                            0x0800273d   Thumb Code   300  nixieapp.o(i.MenuStateFunc)
    NMI_Handler                              0x080028b1   Thumb Code     2  stm32f10x_it.o(i.NMI_Handler)
    NVIC_Init                                0x080028b5   Thumb Code   100  misc.o(i.NVIC_Init)
    NVIC_PriorityGroupConfig                 0x08002925   Thumb Code    10  misc.o(i.NVIC_PriorityGroupConfig)
    NixieAddFlash                            0x08002939   Thumb Code    34  nixieapp.o(i.NixieAddFlash)
    NixieTimeDisplay                         0x08002965   Thumb Code   106  nixieapp.o(i.NixieTimeDisplay)
    NixieTubeControl                         0x080029d9   Thumb Code    22  nixietube.o(i.NixieTubeControl)
    NixieTubeDisplay                         0x080029f5   Thumb Code    66  nixietube.o(i.NixieTubeDisplay)
    NixieTubeDrive                           0x08002a41   Thumb Code    54  nixietube.o(i.NixieTubeDrive)
    NixieTubeFlash                           0x08002a7d   Thumb Code    60  nixietube.o(i.NixieTubeFlash)
    NixieTubeInit                            0x08002ab9   Thumb Code    58  nixietube.o(i.NixieTubeInit)
    NixieTubeTest                            0x08002af9   Thumb Code   122  nixietube.o(i.NixieTubeTest)
    Nixie_Interrupt                          0x08002b7d   Thumb Code    12  nixieapp.o(i.Nixie_Interrupt)
    Nixie_Loop                               0x08002b89   Thumb Code   204  nixieapp.o(i.Nixie_Loop)
    Nixie_Setup                              0x08002c59   Thumb Code    78  nixieapp.o(i.Nixie_Setup)
    OLED_Clear                               0x08002cb1   Thumb Code    62  oled.o(i.OLED_Clear)
    OLED_DrawBMP                             0x08002cef   Thumb Code   118  oled.o(i.OLED_DrawBMP)
    OLED_Init                                0x08002d65   Thumb Code   278  oled.o(i.OLED_Init)
    OLED_Set_Pos                             0x08002e81   Thumb Code    40  oled.o(i.OLED_Set_Pos)
    OLED_ShowChar                            0x08002ea9   Thumb Code   154  oled.o(i.OLED_ShowChar)
    OLED_ShowString                          0x08002f4d   Thumb Code    58  oled.o(i.OLED_ShowString)
    OLED_WR_Byte                             0x08002f87   Thumb Code    24  oled.o(i.OLED_WR_Byte)
    PendSV_Handler                           0x08002f9f   Thumb Code     2  stm32f10x_it.o(i.PendSV_Handler)
    RCC_APB1PeriphClockCmd                   0x08002fa1   Thumb Code    26  stm32f10x_rcc.o(i.RCC_APB1PeriphClockCmd)
    RCC_APB2PeriphClockCmd                   0x08002fc1   Thumb Code    26  stm32f10x_rcc.o(i.RCC_APB2PeriphClockCmd)
    SVC_Handler                              0x08002fe1   Thumb Code     2  stm32f10x_it.o(i.SVC_Handler)
    StatusView                               0x080030cd   Thumb Code   126  nixieapp.o(i.StatusView)
    SysTick_CLKSourceConfig                  0x080031c1   Thumb Code    40  misc.o(i.SysTick_CLKSourceConfig)
    SysTick_Handler                          0x080031e9   Thumb Code     2  stm32f10x_it.o(i.SysTick_Handler)
    Sys_Interrupt                            0x080031eb   Thumb Code     8  amadeusmain.o(i.Sys_Interrupt)
    Sys_loop                                 0x080031f3   Thumb Code     8  amadeusmain.o(i.Sys_loop)
    Sys_setup                                0x080031fb   Thumb Code    86  amadeusmain.o(i.Sys_setup)
    SystemInit                               0x08003251   Thumb Code    78  system_stm32f10x.o(i.SystemInit)
    TIM3_IRQHandler                          0x080032b1   Thumb Code    20  ledtimer.o(i.TIM3_IRQHandler)
    TIM4_IRQHandler                          0x080032c9   Thumb Code    26  tim.o(i.TIM4_IRQHandler)
    TIM4_Init                                0x080032e9   Thumb Code    88  tim.o(i.TIM4_Init)
    TIM_ARRPreloadConfig                     0x08003345   Thumb Code    24  stm32f10x_tim.o(i.TIM_ARRPreloadConfig)
    TIM_ClearITPendingBit                    0x0800335d   Thumb Code     6  stm32f10x_tim.o(i.TIM_ClearITPendingBit)
    TIM_Cmd                                  0x08003363   Thumb Code    24  stm32f10x_tim.o(i.TIM_Cmd)
    TIM_CtrlPWMOutputs                       0x0800337b   Thumb Code    30  stm32f10x_tim.o(i.TIM_CtrlPWMOutputs)
    TIM_GetITStatus                          0x08003399   Thumb Code    34  stm32f10x_tim.o(i.TIM_GetITStatus)
    TIM_ITConfig                             0x080033bb   Thumb Code    18  stm32f10x_tim.o(i.TIM_ITConfig)
    TIM_OC1Init                              0x080033cd   Thumb Code   132  stm32f10x_tim.o(i.TIM_OC1Init)
    TIM_OC2Init                              0x08003465   Thumb Code   154  stm32f10x_tim.o(i.TIM_OC2Init)
    TIM_OC2PreloadConfig                     0x08003509   Thumb Code    26  stm32f10x_tim.o(i.TIM_OC2PreloadConfig)
    TIM_SetCompare1                          0x08003523   Thumb Code     4  stm32f10x_tim.o(i.TIM_SetCompare1)
    TIM_SetCompare2                          0x08003527   Thumb Code     4  stm32f10x_tim.o(i.TIM_SetCompare2)
    TIM_TimeBaseInit                         0x0800352d   Thumb Code   122  stm32f10x_tim.o(i.TIM_TimeBaseInit)
    TimeStateFunc                            0x080035d1   Thumb Code  1280  nixieapp.o(i.TimeStateFunc)
    Time_Handle                              0x08003ad9   Thumb Code   254  ds3231.o(i.Time_Handle)
    USART1_IRQHandler                        0x08003be5   Thumb Code   122  usart.o(i.USART1_IRQHandler)
    USART_GetITStatus                        0x08003c6d   Thumb Code    84  stm32f10x_usart.o(i.USART_GetITStatus)
    USART_ReceiveData                        0x08003cc1   Thumb Code    10  stm32f10x_usart.o(i.USART_ReceiveData)
    UsageFault_Handler                       0x08003ccb   Thumb Code     4  stm32f10x_it.o(i.UsageFault_Handler)
    Write_IIC_Byte                           0x08003cd1   Thumb Code    88  oled.o(i.Write_IIC_Byte)
    Write_IIC_Command                        0x08003d2d   Thumb Code    44  oled.o(i.Write_IIC_Command)
    Write_IIC_Data                           0x08003d59   Thumb Code    44  oled.o(i.Write_IIC_Data)
    __ARM_fpclassify                         0x08003d85   Thumb Code    40  fpclassify.o(i.__ARM_fpclassify)
    _is_digit                                0x08003dad   Thumb Code    14  __printf_wp.o(i._is_digit)
    _sys_exit                                0x08003dbb   Thumb Code     6  usart.o(i._sys_exit)
    delay_init                               0x08003dc1   Thumb Code    50  delay.o(i.delay_init)
    delay_ms                                 0x08003e05   Thumb Code    72  delay.o(i.delay_ms)
    delay_us                                 0x08003e51   Thumb Code    72  delay.o(i.delay_us)
    getKey_Ctrl                              0x08003e9d   Thumb Code    52  keyboard.o(i.getKey_Ctrl)
    getKey_EN                                0x08003ed9   Thumb Code    22  keyboard.o(i.getKey_EN)
    getKey_NT                                0x08003ef5   Thumb Code    44  keyboard.o(i.getKey_NT)
    main                                     0x08003f29   Thumb Code    12  main.o(i.main)
    weekUpTick                               0x08003f35   Thumb Code    36  nixieapp.o(i.weekUpTick)
    _get_lc_numeric                          0x08003f61   Thumb Code    44  lc_numeric_c.o(locale$$code)
    __fpl_dretinf                            0x08003f8d   Thumb Code    12  dretinf.o(x$fpl$dretinf)
    __aeabi_f2d                              0x08003f99   Thumb Code     0  f2d.o(x$fpl$f2d)
    _f2d                                     0x08003f99   Thumb Code    86  f2d.o(x$fpl$f2d)
    __aeabi_fadd                             0x08003ff1   Thumb Code     0  faddsub_clz.o(x$fpl$fadd)
    _fadd                                    0x08003ff1   Thumb Code   196  faddsub_clz.o(x$fpl$fadd)
    __aeabi_ui2f                             0x080040b5   Thumb Code     0  fflt_clz.o(x$fpl$ffltu)
    _ffltu                                   0x080040b5   Thumb Code    38  fflt_clz.o(x$fpl$ffltu)
    __aeabi_fmul                             0x080040dd   Thumb Code     0  fmul.o(x$fpl$fmul)
    _fmul                                    0x080040dd   Thumb Code   258  fmul.o(x$fpl$fmul)
    __fpl_fnaninf                            0x080041df   Thumb Code   140  fnaninf.o(x$fpl$fnaninf)
    __fpl_fretinf                            0x0800426b   Thumb Code    10  fretinf.o(x$fpl$fretinf)
    __aeabi_fsub                             0x08004275   Thumb Code     0  faddsub_clz.o(x$fpl$fsub)
    _fsub                                    0x08004275   Thumb Code   234  faddsub_clz.o(x$fpl$fsub)
    _printf_fp_dec                           0x0800435f   Thumb Code     4  printf1.o(x$fpl$printf1)
    BMP_Start                                0x08004362   Data        1024  nixieapp.o(.constdata)
    __I$use$fp                               0x08004362   Number         0  usenofp.o(x$fpl$usenofp)
    BMP_For                                  0x08004762   Data        1024  nixieapp.o(.constdata)
    F6x8                                     0x08004b62   Data         552  oled.o(.constdata)
    F8X16                                    0x08004d8a   Data        1520  oled.o(.constdata)
    TUBE                                     0x0800537a   Data          66  nixietube.o(.constdata)
    Region$$Table$$Base                      0x08005480   Number         0  anon$$obj.o(Region$$Table)
    Region$$Table$$Limit                     0x080054a0   Number         0  anon$$obj.o(Region$$Table)
    g_state                                  0x20000000   Data           1  nixieapp.o(.data)
    g_WeekUpTick                             0x20000004   Data           4  nixieapp.o(.data)
    SystemCoreClock                          0x2000002c   Data           4  system_stm32f10x.o(.data)
    AHBPrescTable                            0x20000030   Data          16  system_stm32f10x.o(.data)
    NixieTubeRunning                         0x20000040   Data           1  nixietube.o(.data)
    g_LED_DISPLAY_FLAG                       0x20000042   Data           1  ledtimer.o(.data)
    Display_Time                             0x2000004f   Data           9  ds3231.o(.data)
    Display_Date                             0x20000058   Data          14  ds3231.o(.data)
    TimeValue                                0x20000066   Data           7  ds3231.o(.data)
    Time_Buffer                              0x2000006d   Data           7  ds3231.o(.data)
    __stdout                                 0x20000078   Data           4  usart.o(.data)
    USART_RX_STA                             0x2000007c   Data           2  usart.o(.data)
    USART2_RX_STA                            0x2000007e   Data           2  usart.o(.data)
    USART_RX_BUF                             0x20000080   Data         200  usart.o(.bss)
    USART2_RX_BUF                            0x20000148   Data         255  usart.o(.bss)
    _random_number_data                      0x20000248   Data         228  rand.o(.bss)
    __libspace_start                         0x2000032c   Data          96  libspace.o(.bss)
    __temporary_stack_top$libspace           0x2000038c   Data           0  libspace.o(.bss)



==============================================================================

Memory Map of the image

  Image Entry point : 0x08000131

  Load Region LR_IROM1 (Base: 0x08000000, Size: 0x0000553c, Max: 0x00010000, ABSOLUTE)

    Execution Region ER_IROM1 (Exec base: 0x08000000, Load base: 0x08000000, Size: 0x000054bc, Max: 0x00010000, ABSOLUTE)

    Exec Addr    Load Addr    Size         Type   Attr      Idx    E Section Name        Object

    0x08000000   0x08000000   0x00000130   Data   RO          924    RESET               startup_stm32f10x_hd.o
    0x08000130   0x08000130   0x00000008   Code   RO         2112  * !!!main             c_w.l(__main.o)
    0x08000138   0x08000138   0x00000034   Code   RO         2348    !!!scatter          c_w.l(__scatter.o)
    0x0800016c   0x0800016c   0x0000001a   Code   RO         2350    !!handler_copy      c_w.l(__scatter_copy.o)
    0x08000186   0x08000186   0x00000002   PAD
    0x08000188   0x08000188   0x0000001c   Code   RO         2352    !!handler_zi        c_w.l(__scatter_zi.o)
    0x080001a4   0x080001a4   0x00000000   Code   RO         2100    .ARM.Collect$$_printf_percent$$00000000  c_w.l(_printf_percent.o)
    0x080001a4   0x080001a4   0x00000006   Code   RO         2099    .ARM.Collect$$_printf_percent$$00000003  c_w.l(_printf_f.o)
    0x080001aa   0x080001aa   0x00000006   Code   RO         2098    .ARM.Collect$$_printf_percent$$00000009  c_w.l(_printf_d.o)
    0x080001b0   0x080001b0   0x00000006   Code   RO         2097    .ARM.Collect$$_printf_percent$$00000014  c_w.l(_printf_s.o)
    0x080001b6   0x080001b6   0x00000004   Code   RO         2145    .ARM.Collect$$_printf_percent$$00000017  c_w.l(_printf_percent_end.o)
    0x080001ba   0x080001ba   0x00000002   Code   RO         2278    .ARM.Collect$$libinit$$00000000  c_w.l(libinit.o)
    0x080001bc   0x080001bc   0x00000000   Code   RO         2147    .ARM.Collect$$libinit$$00000002  c_w.l(libinit2.o)
    0x080001bc   0x080001bc   0x00000000   Code   RO         2149    .ARM.Collect$$libinit$$00000004  c_w.l(libinit2.o)
    0x080001bc   0x080001bc   0x00000000   Code   RO         2152    .ARM.Collect$$libinit$$0000000A  c_w.l(libinit2.o)
    0x080001bc   0x080001bc   0x00000000   Code   RO         2154    .ARM.Collect$$libinit$$0000000C  c_w.l(libinit2.o)
    0x080001bc   0x080001bc   0x00000004   Code   RO         2155    .ARM.Collect$$libinit$$0000000D  c_w.l(libinit2.o)
    0x080001c0   0x080001c0   0x00000000   Code   RO         2156    .ARM.Collect$$libinit$$0000000E  c_w.l(libinit2.o)
    0x080001c0   0x080001c0   0x00000006   Code   RO         2157    .ARM.Collect$$libinit$$0000000F  c_w.l(libinit2.o)
    0x080001c6   0x080001c6   0x00000000   Code   RO         2159    .ARM.Collect$$libinit$$00000011  c_w.l(libinit2.o)
    0x080001c6   0x080001c6   0x00000000   Code   RO         2161    .ARM.Collect$$libinit$$00000013  c_w.l(libinit2.o)
    0x080001c6   0x080001c6   0x00000000   Code   RO         2163    .ARM.Collect$$libinit$$00000015  c_w.l(libinit2.o)
    0x080001c6   0x080001c6   0x0000000a   Code   RO         2164    .ARM.Collect$$libinit$$00000016  c_w.l(libinit2.o)
    0x080001d0   0x080001d0   0x00000000   Code   RO         2165    .ARM.Collect$$libinit$$00000017  c_w.l(libinit2.o)
    0x080001d0   0x080001d0   0x00000000   Code   RO         2167    .ARM.Collect$$libinit$$00000019  c_w.l(libinit2.o)
    0x080001d0   0x080001d0   0x00000000   Code   RO         2169    .ARM.Collect$$libinit$$0000001B  c_w.l(libinit2.o)
    0x080001d0   0x080001d0   0x00000000   Code   RO         2171    .ARM.Collect$$libinit$$0000001D  c_w.l(libinit2.o)
    0x080001d0   0x080001d0   0x00000000   Code   RO         2173    .ARM.Collect$$libinit$$0000001F  c_w.l(libinit2.o)
    0x080001d0   0x080001d0   0x00000000   Code   RO         2175    .ARM.Collect$$libinit$$00000021  c_w.l(libinit2.o)
    0x080001d0   0x080001d0   0x00000000   Code   RO         2177    .ARM.Collect$$libinit$$00000023  c_w.l(libinit2.o)
    0x080001d0   0x080001d0   0x00000000   Code   RO         2179    .ARM.Collect$$libinit$$00000025  c_w.l(libinit2.o)
    0x080001d0   0x080001d0   0x00000000   Code   RO         2183    .ARM.Collect$$libinit$$0000002C  c_w.l(libinit2.o)
    0x080001d0   0x080001d0   0x00000000   Code   RO         2185    .ARM.Collect$$libinit$$0000002E  c_w.l(libinit2.o)
    0x080001d0   0x080001d0   0x00000000   Code   RO         2187    .ARM.Collect$$libinit$$00000030  c_w.l(libinit2.o)
    0x080001d0   0x080001d0   0x00000000   Code   RO         2189    .ARM.Collect$$libinit$$00000032  c_w.l(libinit2.o)
    0x080001d0   0x080001d0   0x00000002   Code   RO         2190    .ARM.Collect$$libinit$$00000033  c_w.l(libinit2.o)
    0x080001d2   0x080001d2   0x00000002   Code   RO         2309    .ARM.Collect$$libshutdown$$00000000  c_w.l(libshutdown.o)
    0x080001d4   0x080001d4   0x00000000   Code   RO         2315    .ARM.Collect$$libshutdown$$00000002  c_w.l(libshutdown2.o)
    0x080001d4   0x080001d4   0x00000000   Code   RO         2317    .ARM.Collect$$libshutdown$$00000004  c_w.l(libshutdown2.o)
    0x080001d4   0x080001d4   0x00000000   Code   RO         2320    .ARM.Collect$$libshutdown$$00000007  c_w.l(libshutdown2.o)
    0x080001d4   0x080001d4   0x00000000   Code   RO         2323    .ARM.Collect$$libshutdown$$0000000A  c_w.l(libshutdown2.o)
    0x080001d4   0x080001d4   0x00000000   Code   RO         2325    .ARM.Collect$$libshutdown$$0000000C  c_w.l(libshutdown2.o)
    0x080001d4   0x080001d4   0x00000000   Code   RO         2328    .ARM.Collect$$libshutdown$$0000000F  c_w.l(libshutdown2.o)
    0x080001d4   0x080001d4   0x00000002   Code   RO         2329    .ARM.Collect$$libshutdown$$00000010  c_w.l(libshutdown2.o)
    0x080001d6   0x080001d6   0x00000000   Code   RO         2134    .ARM.Collect$$rtentry$$00000000  c_w.l(__rtentry.o)
    0x080001d6   0x080001d6   0x00000000   Code   RO         2199    .ARM.Collect$$rtentry$$00000002  c_w.l(__rtentry2.o)
    0x080001d6   0x080001d6   0x00000006   Code   RO         2211    .ARM.Collect$$rtentry$$00000004  c_w.l(__rtentry4.o)
    0x080001dc   0x080001dc   0x00000000   Code   RO         2201    .ARM.Collect$$rtentry$$00000009  c_w.l(__rtentry2.o)
    0x080001dc   0x080001dc   0x00000004   Code   RO         2202    .ARM.Collect$$rtentry$$0000000A  c_w.l(__rtentry2.o)
    0x080001e0   0x080001e0   0x00000000   Code   RO         2204    .ARM.Collect$$rtentry$$0000000C  c_w.l(__rtentry2.o)
    0x080001e0   0x080001e0   0x00000008   Code   RO         2205    .ARM.Collect$$rtentry$$0000000D  c_w.l(__rtentry2.o)
    0x080001e8   0x080001e8   0x00000002   Code   RO         2281    .ARM.Collect$$rtexit$$00000000  c_w.l(rtexit.o)
    0x080001ea   0x080001ea   0x00000000   Code   RO         2291    .ARM.Collect$$rtexit$$00000002  c_w.l(rtexit2.o)
    0x080001ea   0x080001ea   0x00000004   Code   RO         2292    .ARM.Collect$$rtexit$$00000003  c_w.l(rtexit2.o)
    0x080001ee   0x080001ee   0x00000006   Code   RO         2293    .ARM.Collect$$rtexit$$00000004  c_w.l(rtexit2.o)
    0x080001f4   0x080001f4   0x00000034   Code   RO         2101    .emb_text           c_w.l(rand.o)
    0x08000228   0x08000228   0x00000040   Code   RO          925    .text               startup_stm32f10x_hd.o
    0x08000268   0x08000268   0x00000002   Code   RO         2063    .text               c_w.l(use_no_semi_2.o)
    0x0800026a   0x0800026a   0x00000002   PAD
    0x0800026c   0x0800026c   0x00000028   Code   RO         2067    .text               c_w.l(noretval__2sprintf.o)
    0x08000294   0x08000294   0x0000004e   Code   RO         2071    .text               c_w.l(_printf_pad.o)
    0x080002e2   0x080002e2   0x00000052   Code   RO         2073    .text               c_w.l(_printf_str.o)
    0x08000334   0x08000334   0x00000078   Code   RO         2075    .text               c_w.l(_printf_dec.o)
    0x080003ac   0x080003ac   0x00000138   Code   RO         2089    .text               c_w.l(__printf_flags_wp.o)
    0x080004e4   0x080004e4   0x0000003c   Code   RO         2102    .text               c_w.l(rand.o)
    0x08000520   0x08000520   0x00000064   Code   RO         2106    .text               c_w.l(rt_memcpy_w.o)
    0x08000584   0x08000584   0x0000004e   Code   RO         2108    .text               c_w.l(rt_memclr_w.o)
    0x080005d2   0x080005d2   0x00000006   Code   RO         2110    .text               c_w.l(heapauxi.o)
    0x080005d8   0x080005d8   0x00000002   Code   RO         2132    .text               c_w.l(use_no_semi.o)
    0x080005da   0x080005da   0x000000b2   Code   RO         2135    .text               c_w.l(_printf_intcommon.o)
    0x0800068c   0x0800068c   0x0000041e   Code   RO         2137    .text               c_w.l(_printf_fp_dec.o)
    0x08000aaa   0x08000aaa   0x00000002   PAD
    0x08000aac   0x08000aac   0x00000030   Code   RO         2139    .text               c_w.l(_printf_char_common.o)
    0x08000adc   0x08000adc   0x0000000a   Code   RO         2141    .text               c_w.l(_sputc.o)
    0x08000ae6   0x08000ae6   0x0000002c   Code   RO         2143    .text               c_w.l(_printf_char.o)
    0x08000b12   0x08000b12   0x00000002   PAD
    0x08000b14   0x08000b14   0x00000008   Code   RO         2216    .text               c_w.l(rt_locale_intlibspace.o)
    0x08000b1c   0x08000b1c   0x0000008a   Code   RO         2218    .text               c_w.l(lludiv10.o)
    0x08000ba6   0x08000ba6   0x00000002   PAD
    0x08000ba8   0x08000ba8   0x00000080   Code   RO         2220    .text               c_w.l(_printf_fp_infnan.o)
    0x08000c28   0x08000c28   0x000000e4   Code   RO         2224    .text               c_w.l(bigflt0.o)
    0x08000d0c   0x08000d0c   0x00000008   Code   RO         2260    .text               c_w.l(libspace.o)
    0x08000d14   0x08000d14   0x0000004a   Code   RO         2263    .text               c_w.l(sys_stackheap_outer.o)
    0x08000d5e   0x08000d5e   0x00000012   Code   RO         2265    .text               c_w.l(exit.o)
    0x08000d70   0x08000d70   0x00000080   Code   RO         2267    .text               c_w.l(strcmpv7m.o)
    0x08000df0   0x08000df0   0x0000003e   Code   RO         2227    CL$$btod_d2e        c_w.l(btod.o)
    0x08000e2e   0x08000e2e   0x00000046   Code   RO         2229    CL$$btod_d2e_denorm_low  c_w.l(btod.o)
    0x08000e74   0x08000e74   0x00000060   Code   RO         2228    CL$$btod_d2e_norm_op1  c_w.l(btod.o)
    0x08000ed4   0x08000ed4   0x00000338   Code   RO         2237    CL$$btod_div_common  c_w.l(btod.o)
    0x0800120c   0x0800120c   0x000000dc   Code   RO         2234    CL$$btod_e2e        c_w.l(btod.o)
    0x080012e8   0x080012e8   0x0000002a   Code   RO         2231    CL$$btod_ediv       c_w.l(btod.o)
    0x08001312   0x08001312   0x0000002a   Code   RO         2230    CL$$btod_emul       c_w.l(btod.o)
    0x0800133c   0x0800133c   0x00000244   Code   RO         2236    CL$$btod_mult_common  c_w.l(btod.o)
    0x08001580   0x08001580   0x00000034   Code   RO          777    i.BeepInit          beep.o
    0x080015b4   0x080015b4   0x00000034   Code   RO          778    i.BeepSpeakCmd      beep.o
    0x080015e8   0x080015e8   0x00000004   Code   RO          278    i.BusFault_Handler  stm32f10x_it.o
    0x080015ec   0x080015ec   0x0000002c   Code   RO          670    i.DS3231_GPIO_Config  ds3231.o
    0x08001618   0x08001618   0x0000004c   Code   RO          671    i.DS3231_IIC_Ack    ds3231.o
    0x08001664   0x08001664   0x0000006c   Code   RO          672    i.DS3231_IIC_Read_Byte  ds3231.o
    0x080016d0   0x080016d0   0x0000004c   Code   RO          673    i.DS3231_IIC_Start  ds3231.o
    0x0800171c   0x0800171c   0x0000003c   Code   RO          674    i.DS3231_IIC_Stop   ds3231.o
    0x08001758   0x08001758   0x00000098   Code   RO          675    i.DS3231_IIC_Write_Byte  ds3231.o
    0x080017f0   0x080017f0   0x00000086   Code   RO          676    i.DS3231_Operate_Register  ds3231.o
    0x08001876   0x08001876   0x00000002   PAD
    0x08001878   0x08001878   0x000001dc   Code   RO          677    i.DS3231_ReadWrite_Time  ds3231.o
    0x08001a54   0x08001a54   0x00000034   Code   RO          678    i.DS3231_Read_Byte  ds3231.o
    0x08001a88   0x08001a88   0x00000074   Code   RO          679    i.DS3231_Read_Temp  ds3231.o
    0x08001afc   0x08001afc   0x00000490   Code   RO          153    i.DateStateFunc     nixieapp.o
    0x08001f8c   0x08001f8c   0x00000002   Code   RO          279    i.DebugMon_Handler  stm32f10x_it.o
    0x08001f8e   0x08001f8e   0x00000002   PAD
    0x08001f90   0x08001f90   0x00000060   Code   RO          154    i.EnvironmentEvent  nixieapp.o
    0x08001ff0   0x08001ff0   0x00000116   Code   RO          971    i.GPIO_Init         stm32f10x_gpio.o
    0x08002106   0x08002106   0x00000012   Code   RO          975    i.GPIO_ReadInputDataBit  stm32f10x_gpio.o
    0x08002118   0x08002118   0x00000004   Code   RO          978    i.GPIO_ResetBits    stm32f10x_gpio.o
    0x0800211c   0x0800211c   0x00000004   Code   RO          979    i.GPIO_SetBits      stm32f10x_gpio.o
    0x08002120   0x08002120   0x00000024   Code   RO          155    i.GetTimeValue      nixieapp.o
    0x08002144   0x08002144   0x00000020   Code   RO          513    i.HV_Control        highvoltage.o
    0x08002164   0x08002164   0x00000034   Code   RO          514    i.HV_ControlInit    highvoltage.o
    0x08002198   0x08002198   0x00000004   Code   RO          280    i.HardFault_Handler  stm32f10x_it.o
    0x0800219c   0x0800219c   0x00000028   Code   RO          682    i.IIC_SDA_IN        ds3231.o
    0x080021c4   0x080021c4   0x0000002c   Code   RO          683    i.IIC_SDA_OUT       ds3231.o
    0x080021f0   0x080021f0   0x00000030   Code   RO          377    i.IIC_Start         oled.o
    0x08002220   0x08002220   0x00000028   Code   RO          378    i.IIC_Stop          oled.o
    0x08002248   0x08002248   0x0000001c   Code   RO          379    i.IIC_Wait_Ack      oled.o
    0x08002264   0x08002264   0x000000c8   Code   RO          156    i.InfoDisplay       nixieapp.o
    0x0800232c   0x0800232c   0x00000048   Code   RO          581    i.KeyBoardInit      keyboard.o
    0x08002374   0x08002374   0x0000002c   Code   RO          157    i.KeyEvent_Ctrl_WSNC2SetMenu  nixieapp.o
    0x080023a0   0x080023a0   0x000000a0   Code   RO          158    i.KeyEvent_NT       nixieapp.o
    0x08002440   0x08002440   0x00000080   Code   RO          612    i.LEDBreathing      ledtimer.o
    0x080024c0   0x080024c0   0x00000080   Code   RO          613    i.LEDFlash          ledtimer.o
    0x08002540   0x08002540   0x00000040   Code   RO          159    i.LEDHartAttack     nixieapp.o
    0x08002580   0x08002580   0x000000c4   Code   RO          614    i.LEDTimerInit      ledtimer.o
    0x08002644   0x08002644   0x0000001c   Code   RO          615    i.LED_Control       ledtimer.o
    0x08002660   0x08002660   0x00000054   Code   RO          616    i.LED_HartAttackInit  ledtimer.o
    0x080026b4   0x080026b4   0x00000024   Code   RO          617    i.LED_HartCmd       ledtimer.o
    0x080026d8   0x080026d8   0x00000060   Code   RO          618    i.LED_TIM3Init      ledtimer.o
    0x08002738   0x08002738   0x00000004   Code   RO          281    i.MemManage_Handler  stm32f10x_it.o
    0x0800273c   0x0800273c   0x00000174   Code   RO          160    i.MenuStateFunc     nixieapp.o
    0x080028b0   0x080028b0   0x00000002   Code   RO          282    i.NMI_Handler       stm32f10x_it.o
    0x080028b2   0x080028b2   0x00000002   PAD
    0x080028b4   0x080028b4   0x00000070   Code   RO          929    i.NVIC_Init         misc.o
    0x08002924   0x08002924   0x00000014   Code   RO          930    i.NVIC_PriorityGroupConfig  misc.o
    0x08002938   0x08002938   0x0000002c   Code   RO          161    i.NixieAddFlash     nixieapp.o
    0x08002964   0x08002964   0x00000074   Code   RO          162    i.NixieTimeDisplay  nixieapp.o
    0x080029d8   0x080029d8   0x0000001c   Code   RO          531    i.NixieTubeControl  nixietube.o
    0x080029f4   0x080029f4   0x0000004c   Code   RO          532    i.NixieTubeDisplay  nixietube.o
    0x08002a40   0x08002a40   0x0000003c   Code   RO          533    i.NixieTubeDrive    nixietube.o
    0x08002a7c   0x08002a7c   0x0000003c   Code   RO          534    i.NixieTubeFlash    nixietube.o
    0x08002ab8   0x08002ab8   0x00000040   Code   RO          535    i.NixieTubeInit     nixietube.o
    0x08002af8   0x08002af8   0x00000084   Code   RO          536    i.NixieTubeTest     nixietube.o
    0x08002b7c   0x08002b7c   0x0000000c   Code   RO          163    i.Nixie_Interrupt   nixieapp.o
    0x08002b88   0x08002b88   0x000000d0   Code   RO          164    i.Nixie_Loop        nixieapp.o
    0x08002c58   0x08002c58   0x00000058   Code   RO          165    i.Nixie_Setup       nixieapp.o
    0x08002cb0   0x08002cb0   0x0000003e   Code   RO          380    i.OLED_Clear        oled.o
    0x08002cee   0x08002cee   0x00000076   Code   RO          383    i.OLED_DrawBMP      oled.o
    0x08002d64   0x08002d64   0x0000011c   Code   RO          384    i.OLED_Init         oled.o
    0x08002e80   0x08002e80   0x00000028   Code   RO          386    i.OLED_Set_Pos      oled.o
    0x08002ea8   0x08002ea8   0x000000a4   Code   RO          387    i.OLED_ShowChar     oled.o
    0x08002f4c   0x08002f4c   0x0000003a   Code   RO          389    i.OLED_ShowString   oled.o
    0x08002f86   0x08002f86   0x00000018   Code   RO          390    i.OLED_WR_Byte      oled.o
    0x08002f9e   0x08002f9e   0x00000002   Code   RO          283    i.PendSV_Handler    stm32f10x_it.o
    0x08002fa0   0x08002fa0   0x00000020   Code   RO         1081    i.RCC_APB1PeriphClockCmd  stm32f10x_rcc.o
    0x08002fc0   0x08002fc0   0x00000020   Code   RO         1083    i.RCC_APB2PeriphClockCmd  stm32f10x_rcc.o
    0x08002fe0   0x08002fe0   0x00000002   Code   RO          284    i.SVC_Handler       stm32f10x_it.o
    0x08002fe2   0x08002fe2   0x00000008   Code   RO          341    i.SetSysClock       system_stm32f10x.o
    0x08002fea   0x08002fea   0x00000002   PAD
    0x08002fec   0x08002fec   0x000000e0   Code   RO          342    i.SetSysClockTo72   system_stm32f10x.o
    0x080030cc   0x080030cc   0x000000f4   Code   RO          166    i.StatusView        nixieapp.o
    0x080031c0   0x080031c0   0x00000028   Code   RO          933    i.SysTick_CLKSourceConfig  misc.o
    0x080031e8   0x080031e8   0x00000002   Code   RO          285    i.SysTick_Handler   stm32f10x_it.o
    0x080031ea   0x080031ea   0x00000008   Code   RO            1    i.Sys_Interrupt     amadeusmain.o
    0x080031f2   0x080031f2   0x00000008   Code   RO            2    i.Sys_loop          amadeusmain.o
    0x080031fa   0x080031fa   0x00000056   Code   RO            3    i.Sys_setup         amadeusmain.o
    0x08003250   0x08003250   0x00000060   Code   RO          344    i.SystemInit        system_stm32f10x.o
    0x080032b0   0x080032b0   0x00000018   Code   RO          619    i.TIM3_IRQHandler   ledtimer.o
    0x080032c8   0x080032c8   0x00000020   Code   RO          894    i.TIM4_IRQHandler   tim.o
    0x080032e8   0x080032e8   0x0000005c   Code   RO          895    i.TIM4_Init         tim.o
    0x08003344   0x08003344   0x00000018   Code   RO         1463    i.TIM_ARRPreloadConfig  stm32f10x_tim.o
    0x0800335c   0x0800335c   0x00000006   Code   RO         1470    i.TIM_ClearITPendingBit  stm32f10x_tim.o
    0x08003362   0x08003362   0x00000018   Code   RO         1475    i.TIM_Cmd           stm32f10x_tim.o
    0x0800337a   0x0800337a   0x0000001e   Code   RO         1477    i.TIM_CtrlPWMOutputs  stm32f10x_tim.o
    0x08003398   0x08003398   0x00000022   Code   RO         1496    i.TIM_GetITStatus   stm32f10x_tim.o
    0x080033ba   0x080033ba   0x00000012   Code   RO         1500    i.TIM_ITConfig      stm32f10x_tim.o
    0x080033cc   0x080033cc   0x00000098   Code   RO         1504    i.TIM_OC1Init       stm32f10x_tim.o
    0x08003464   0x08003464   0x000000a4   Code   RO         1509    i.TIM_OC2Init       stm32f10x_tim.o
    0x08003508   0x08003508   0x0000001a   Code   RO         1512    i.TIM_OC2PreloadConfig  stm32f10x_tim.o
    0x08003522   0x08003522   0x00000004   Code   RO         1536    i.TIM_SetCompare1   stm32f10x_tim.o
    0x08003526   0x08003526   0x00000004   Code   RO         1537    i.TIM_SetCompare2   stm32f10x_tim.o
    0x0800352a   0x0800352a   0x00000002   PAD
    0x0800352c   0x0800352c   0x000000a4   Code   RO         1546    i.TIM_TimeBaseInit  stm32f10x_tim.o
    0x080035d0   0x080035d0   0x00000508   Code   RO          167    i.TimeStateFunc     nixieapp.o
    0x08003ad8   0x08003ad8   0x0000010c   Code   RO          684    i.Time_Handle       ds3231.o
    0x08003be4   0x08003be4   0x00000088   Code   RO          850    i.USART1_IRQHandler  usart.o
    0x08003c6c   0x08003c6c   0x00000054   Code   RO         1287    i.USART_GetITStatus  stm32f10x_usart.o
    0x08003cc0   0x08003cc0   0x0000000a   Code   RO         1297    i.USART_ReceiveData  stm32f10x_usart.o
    0x08003cca   0x08003cca   0x00000004   Code   RO          286    i.UsageFault_Handler  stm32f10x_it.o
    0x08003cce   0x08003cce   0x00000002   PAD
    0x08003cd0   0x08003cd0   0x0000005c   Code   RO          391    i.Write_IIC_Byte    oled.o
    0x08003d2c   0x08003d2c   0x0000002c   Code   RO          392    i.Write_IIC_Command  oled.o
    0x08003d58   0x08003d58   0x0000002c   Code   RO          393    i.Write_IIC_Data    oled.o
    0x08003d84   0x08003d84   0x00000028   Code   RO         2258    i.__ARM_fpclassify  m_ws.l(fpclassify.o)
    0x08003dac   0x08003dac   0x0000000e   Code   RO         2087    i._is_digit         c_w.l(__printf_wp.o)
    0x08003dba   0x08003dba   0x00000006   Code   RO          851    i._sys_exit         usart.o
    0x08003dc0   0x08003dc0   0x00000044   Code   RO          795    i.delay_init        delay.o
    0x08003e04   0x08003e04   0x0000004c   Code   RO          796    i.delay_ms          delay.o
    0x08003e50   0x08003e50   0x0000004c   Code   RO          797    i.delay_us          delay.o
    0x08003e9c   0x08003e9c   0x0000003c   Code   RO          582    i.getKey_Ctrl       keyboard.o
    0x08003ed8   0x08003ed8   0x0000001c   Code   RO          583    i.getKey_EN         keyboard.o
    0x08003ef4   0x08003ef4   0x00000034   Code   RO          584    i.getKey_NT         keyboard.o
    0x08003f28   0x08003f28   0x0000000c   Code   RO          266    i.main              main.o
    0x08003f34   0x08003f34   0x0000002c   Code   RO          168    i.weekUpTick        nixieapp.o
    0x08003f60   0x08003f60   0x0000002c   Code   RO         2250    locale$$code        c_w.l(lc_numeric_c.o)
    0x08003f8c   0x08003f8c   0x0000000c   Code   RO         2191    x$fpl$dretinf       fz_ws.l(dretinf.o)
    0x08003f98   0x08003f98   0x00000056   Code   RO         2114    x$fpl$f2d           fz_ws.l(f2d.o)
    0x08003fee   0x08003fee   0x00000002   PAD
    0x08003ff0   0x08003ff0   0x000000c4   Code   RO         2116    x$fpl$fadd          fz_ws.l(faddsub_clz.o)
    0x080040b4   0x080040b4   0x00000026   Code   RO         2122    x$fpl$ffltu         fz_ws.l(fflt_clz.o)
    0x080040da   0x080040da   0x00000002   PAD
    0x080040dc   0x080040dc   0x00000102   Code   RO         2128    x$fpl$fmul          fz_ws.l(fmul.o)
    0x080041de   0x080041de   0x0000008c   Code   RO         2193    x$fpl$fnaninf       fz_ws.l(fnaninf.o)
    0x0800426a   0x0800426a   0x0000000a   Code   RO         2195    x$fpl$fretinf       fz_ws.l(fretinf.o)
    0x08004274   0x08004274   0x000000ea   Code   RO         2118    x$fpl$fsub          fz_ws.l(faddsub_clz.o)
    0x0800435e   0x0800435e   0x00000004   Code   RO         2130    x$fpl$printf1       fz_ws.l(printf1.o)
    0x08004362   0x08004362   0x00000000   Code   RO         2197    x$fpl$usenofp       fz_ws.l(usenofp.o)
    0x08004362   0x08004362   0x00000800   Data   RO          169    .constdata          nixieapp.o
    0x08004b62   0x08004b62   0x00000818   Data   RO          396    .constdata          oled.o
    0x0800537a   0x0800537a   0x00000042   Data   RO          537    .constdata          nixietube.o
    0x080053bc   0x080053bc   0x0000001c   Data   RO          585    .constdata          keyboard.o
    0x080053d8   0x080053d8   0x00000011   Data   RO         2090    .constdata          c_w.l(__printf_flags_wp.o)
    0x080053e9   0x080053e9   0x00000003   PAD
    0x080053ec   0x080053ec   0x00000094   Data   RO         2225    .constdata          c_w.l(bigflt0.o)
    0x08005480   0x08005480   0x00000020   Data   RO         2346    Region$$Table       anon$$obj.o
    0x080054a0   0x080054a0   0x0000001c   Data   RO         2249    locale$$data        c_w.l(lc_numeric_c.o)


    Execution Region RW_IRAM1 (Exec base: 0x20000000, Load base: 0x080054bc, Size: 0x00000990, Max: 0x00005000, ABSOLUTE)

    Exec Addr    Load Addr    Size         Type   Attr      Idx    E Section Name        Object

    0x20000000   0x080054bc   0x00000029   Data   RW          170    .data               nixieapp.o
    0x20000029   0x080054e5   0x00000003   PAD
    0x2000002c   0x080054e8   0x00000014   Data   RW          345    .data               system_stm32f10x.o
    0x20000040   0x080054fc   0x00000001   Data   RW          538    .data               nixietube.o
    0x20000041   0x080054fd   0x00000001   PAD
    0x20000042   0x080054fe   0x0000000d   Data   RW          620    .data               ledtimer.o
    0x2000004f   0x0800550b   0x00000025   Data   RW          685    .data               ds3231.o
    0x20000074   0x08005530   0x00000004   Data   RW          798    .data               delay.o
    0x20000078   0x08005534   0x00000008   Data   RW          855    .data               usart.o
    0x20000080        -       0x000001c7   Zero   RW          854    .bss                usart.o
    0x20000247   0x0800553c   0x00000001   PAD
    0x20000248        -       0x000000e4   Zero   RW         2103    .bss                c_w.l(rand.o)
    0x2000032c        -       0x00000060   Zero   RW         2261    .bss                c_w.l(libspace.o)
    0x2000038c   0x0800553c   0x00000004   PAD
    0x20000390        -       0x00000200   Zero   RW          923    HEAP                startup_stm32f10x_hd.o
    0x20000590        -       0x00000400   Zero   RW          922    STACK               startup_stm32f10x_hd.o


==============================================================================

Image component sizes


      Code (inc. data)   RO Data    RW Data    ZI Data      Debug   Object Name

       102          0          0          0          0     247221   amadeusmain.o
       104         10          0          0          0       1134   beep.o
       220         26          0          4          0       1831   delay.o
      1646         66          0         37          0      11089   ds3231.o
        84         12          0          0          0       1086   highvoltage.o
       212         26         28          0          0       2365   keyboard.o
       720         76          0         13          0       4876   ledtimer.o
        12          0          0          0          0        475   main.o
       172         22          0          0          0       2105   misc.o
      4184        804       2048         41          0      11070   nixieapp.o
       420         38         66          1          0       4536   nixietube.o
      1046         34       2072          0          0       9357   oled.o
        64         26        304          0       1536        816   startup_stm32f10x_hd.o
       304          0          0          0          0       3720   stm32f10x_gpio.o
        26          0          0          0          0       4242   stm32f10x_it.o
        64         12          0          0          0       1162   stm32f10x_rcc.o
       650         72          0          0          0       7925   stm32f10x_tim.o
        94          0          0          0          0       2772   stm32f10x_usart.o
         0          0          0          0          0         32   sys.o
       328         28          0         20          0       2385   system_stm32f10x.o
       124         10          0          0          0       1174   tim.o
       142         14          0          8        455       3756   usart.o

    ----------------------------------------------------------------------
     10730       1276       4550        128       1992     325129   Object Totals
         0          0         32          0          0          0   (incl. Generated)
        12          0          0          4          1          0   (incl. Padding)

    ----------------------------------------------------------------------

      Code (inc. data)   RO Data    RW Data    ZI Data      Debug   Library Member Name

         8          0          0          0          0         68   __main.o
       312          4         17          0          0         92   __printf_flags_wp.o
        14          0          0          0          0         68   __printf_wp.o
         0          0          0          0          0          0   __rtentry.o
        12          0          0          0          0          0   __rtentry2.o
         6          0          0          0          0          0   __rtentry4.o
        52          8          0          0          0          0   __scatter.o
        26          0          0          0          0          0   __scatter_copy.o
        28          0          0          0          0          0   __scatter_zi.o
        44          0          0          0          0        108   _printf_char.o
        48          6          0          0          0         96   _printf_char_common.o
         6          0          0          0          0          0   _printf_d.o
       120         16          0          0          0         92   _printf_dec.o
         6          0          0          0          0          0   _printf_f.o
      1054          0          0          0          0        216   _printf_fp_dec.o
       128         16          0          0          0         84   _printf_fp_infnan.o
       178          0          0          0          0         88   _printf_intcommon.o
        78          0          0          0          0        108   _printf_pad.o
         0          0          0          0          0          0   _printf_percent.o
         4          0          0          0          0          0   _printf_percent_end.o
         6          0          0          0          0          0   _printf_s.o
        82          0          0          0          0         80   _printf_str.o
        10          0          0          0          0         68   _sputc.o
       228          4        148          0          0         96   bigflt0.o
      1936        128          0          0          0        672   btod.o
        18          0          0          0          0         80   exit.o
         6          0          0          0          0        152   heapauxi.o
        44         10         28          0          0         76   lc_numeric_c.o
         2          0          0          0          0          0   libinit.o
        22          0          0          0          0          0   libinit2.o
         2          0          0          0          0          0   libshutdown.o
         2          0          0          0          0          0   libshutdown2.o
         8          4          0          0         96         68   libspace.o
       138          0          0          0          0         80   lludiv10.o
        40          6          0          0          0         84   noretval__2sprintf.o
       112         18          0          0        228        160   rand.o
         8          4          0          0          0         68   rt_locale_intlibspace.o
        78          0          0          0          0         80   rt_memclr_w.o
       100          0          0          0          0         80   rt_memcpy_w.o
         2          0          0          0          0          0   rtexit.o
        10          0          0          0          0          0   rtexit2.o
       128          0          0          0          0         68   strcmpv7m.o
        74          0          0          0          0         80   sys_stackheap_outer.o
         2          0          0          0          0         68   use_no_semi.o
         2          0          0          0          0         68   use_no_semi_2.o
        12          0          0          0          0         68   dretinf.o
        86          4          0          0          0         84   f2d.o
       430          8          0          0          0        168   faddsub_clz.o
        38          0          0          0          0         68   fflt_clz.o
       258          4          0          0          0         84   fmul.o
       140          4          0          0          0         84   fnaninf.o
        10          0          0          0          0         68   fretinf.o
         4          0          0          0          0         68   printf1.o
         0          0          0          0          0          0   usenofp.o
        40          0          0          0          0         68   fpclassify.o

    ----------------------------------------------------------------------
      6216        244        196          0        328       3908   Library Totals
        14          0          3          0          4          0   (incl. Padding)

    ----------------------------------------------------------------------

      Code (inc. data)   RO Data    RW Data    ZI Data      Debug   Library Name

      5184        224        193          0        324       3148   c_w.l
       978         20          0          0          0        692   fz_ws.l
        40          0          0          0          0         68   m_ws.l

    ----------------------------------------------------------------------
      6216        244        196          0        328       3908   Library Totals

    ----------------------------------------------------------------------

==============================================================================


      Code (inc. data)   RO Data    RW Data    ZI Data      Debug   

     16946       1520       4746        128       2320     321337   Grand Totals
     16946       1520       4746        128       2320     321337   ELF Image Totals
     16946       1520       4746        128          0          0   ROM Totals

==============================================================================

    Total RO  Size (Code + RO Data)                21692 (  21.18kB)
    Total RW  Size (RW Data + ZI Data)              2448 (   2.39kB)
    Total ROM Size (Code + RO Data + RW Data)      21820 (  21.31kB)

==============================================================================

